Archive member included to satisfy reference by file (symbol)

.\CortexM3\ARM_GCC_541\Debug\EMILA.a(UART_1.o)
                              .\CortexM3\ARM_GCC_541\Debug\main.o (UART_1_Start)
.\CortexM3\ARM_GCC_541\Debug\EMILA.a(UART_1_IntClock.o)
                              .\CortexM3\ARM_GCC_541\Debug\EMILA.a(UART_1.o) (UART_1_IntClock_Start)
.\CortexM3\ARM_GCC_541\Debug\EMILA.a(CyLib.o)
                              .\CortexM3\ARM_GCC_541\Debug\Cm3Start.o (CyHalt)
.\CortexM3\ARM_GCC_541\Debug\EMILA.a(cyPm.o)
                              .\CortexM3\ARM_GCC_541\Debug\EMILA.a(CyLib.o) (CyPmReadStatus)
.\CortexM3\ARM_GCC_541\Debug\EMILA.a(ADC_SAR_1.o)
                              .\CortexM3\ARM_GCC_541\Debug\main.o (ADC_SAR_1_Start)
.\CortexM3\ARM_GCC_541\Debug\EMILA.a(ADC_SAR_1_INT.o)
                              .\CortexM3\ARM_GCC_541\Debug\EMILA.a(ADC_SAR_1.o) (ADC_SAR_1_ISR)
.\CortexM3\ARM_GCC_541\Debug\EMILA.a(ADC_SAR_1_theACLK.o)
                              .\CortexM3\ARM_GCC_541\Debug\EMILA.a(ADC_SAR_1.o) (ADC_SAR_1_theACLK_SetModeRegister)
.\CortexM3\ARM_GCC_541\Debug\EMILA.a(PWM_1.o)
                              .\CortexM3\ARM_GCC_541\Debug\main.o (PWM_1_WriteCompare)
.\CortexM3\ARM_GCC_541\Debug\EMILA.a(PWM_2.o)
                              .\CortexM3\ARM_GCC_541\Debug\main.o (PWM_2_WriteCompare)
.\CortexM3\ARM_GCC_541\Debug\EMILA.a(PWM_3.o)
                              .\CortexM3\ARM_GCC_541\Debug\main.o (PWM_3_WriteCompare)
.\CortexM3\ARM_GCC_541\Debug\EMILA.a(PWM_4.o)
                              .\CortexM3\ARM_GCC_541\Debug\main.o (PWM_4_WriteCompare)
.\CortexM3\ARM_GCC_541\Debug\EMILA.a(PWM_5.o)
                              .\CortexM3\ARM_GCC_541\Debug\main.o (PWM_5_WriteCompare)
.\CortexM3\ARM_GCC_541\Debug\EMILA.a(Timer_1.o)
                              .\CortexM3\ARM_GCC_541\Debug\main.o (Timer_1_Start)
.\CortexM3\ARM_GCC_541\Debug\EMILA.a(ISR_VERIFY.o)
                              .\CortexM3\ARM_GCC_541\Debug\main.o (ISR_VERIFY_StartEx)
.\CortexM3\ARM_GCC_541\Debug\EMILA.a(Timer_2.o)
                              .\CortexM3\ARM_GCC_541\Debug\main.o (Timer_2_Start)
.\CortexM3\ARM_GCC_541\Debug\EMILA.a(ISR_SAMPLE.o)
                              .\CortexM3\ARM_GCC_541\Debug\main.o (ISR_SAMPLE_StartEx)
.\CortexM3\ARM_GCC_541\Debug\EMILA.a(CyBootAsmGnu.o)
                              .\CortexM3\ARM_GCC_541\Debug\cyfitter_cfg.o (CyDelayCycles)
.\CortexM3\ARM_GCC_541\Debug\EMILA.a(CyFlash.o)
                              .\CortexM3\ARM_GCC_541\Debug\EMILA.a(cyPm.o) (CyFlash_SetWaitCycles)
.\CortexM3\ARM_GCC_541\Debug\EMILA.a(CySpc.o)
                              .\CortexM3\ARM_GCC_541\Debug\EMILA.a(CyFlash.o) (CySpcStart)
c:/program files (x86)/cypress/psoc creator/4.2/psoc creator/import/gnu/arm/5.4.1/bin/../lib/gcc/arm-none-eabi/5.4.1/armv7-m\libgcc.a(_arm_addsubsf3.o)
                              .\CortexM3\ARM_GCC_541\Debug\EMILA.a(ADC_SAR_1.o) (__aeabi_i2f)
c:/program files (x86)/cypress/psoc creator/4.2/psoc creator/import/gnu/arm/5.4.1/bin/../lib/gcc/arm-none-eabi/5.4.1/armv7-m\libgcc.a(_arm_muldivsf3.o)
                              .\CortexM3\ARM_GCC_541\Debug\EMILA.a(ADC_SAR_1.o) (__aeabi_fmul)
c:/program files (x86)/cypress/psoc creator/4.2/psoc creator/import/gnu/arm/5.4.1/bin/../lib/gcc/arm-none-eabi/5.4.1/armv7-m\libgcc.a(_aeabi_ldivmod.o)
                              .\CortexM3\ARM_GCC_541\Debug\EMILA.a(ADC_SAR_1.o) (__aeabi_ldivmod)
c:/program files (x86)/cypress/psoc creator/4.2/psoc creator/import/gnu/arm/5.4.1/bin/../lib/gcc/arm-none-eabi/5.4.1/armv7-m\libgcc.a(_udivmoddi4.o)
                              c:/program files (x86)/cypress/psoc creator/4.2/psoc creator/import/gnu/arm/5.4.1/bin/../lib/gcc/arm-none-eabi/5.4.1/armv7-m\libgcc.a(_aeabi_ldivmod.o) (__udivmoddi4)
c:/program files (x86)/cypress/psoc creator/4.2/psoc creator/import/gnu/arm/5.4.1/bin/../lib/gcc/arm-none-eabi/5.4.1/armv7-m\libgcc.a(_dvmd_tls.o)
                              c:/program files (x86)/cypress/psoc creator/4.2/psoc creator/import/gnu/arm/5.4.1/bin/../lib/gcc/arm-none-eabi/5.4.1/armv7-m\libgcc.a(_aeabi_ldivmod.o) (__aeabi_ldiv0)
c:/program files (x86)/cypress/psoc creator/4.2/psoc creator/import/gnu/arm/5.4.1/bin/../lib/gcc/arm-none-eabi/5.4.1/../../../../arm-none-eabi/lib/armv7-m\libg_nano.a(lib_a-errno.o)
                              .\CortexM3\ARM_GCC_541\Debug\Cm3Start.o (__errno)
c:/program files (x86)/cypress/psoc creator/4.2/psoc creator/import/gnu/arm/5.4.1/bin/../lib/gcc/arm-none-eabi/5.4.1/../../../../arm-none-eabi/lib/armv7-m\libg_nano.a(lib_a-exit.o)
                              c:/program files (x86)/cypress/psoc creator/4.2/psoc creator/import/gnu/arm/5.4.1/bin/../lib/gcc/arm-none-eabi/5.4.1/../../../../arm-none-eabi/lib/armv7-m/crt0.o (exit)
c:/program files (x86)/cypress/psoc creator/4.2/psoc creator/import/gnu/arm/5.4.1/bin/../lib/gcc/arm-none-eabi/5.4.1/../../../../arm-none-eabi/lib/armv7-m\libg_nano.a(lib_a-impure.o)
[...]
Memory Configuration

Name             Origin             Length             Attributes
rom              0x00000000         0x00040000         xr
ram              0x1fff8000         0x00010000         xrw
*default*        0x00000000         0xffffffff

Linker script and memory map

LOAD c:/program files (x86)/cypress/psoc creator/4.2/psoc creator/import/gnu/arm/5.4.1/bin/../lib/gcc/arm-none-eabi/5.4.1/armv7-m/crti.o
LOAD c:/program files (x86)/cypress/psoc creator/4.2/psoc creator/import/gnu/arm/5.4.1/bin/../lib/gcc/arm-none-eabi/5.4.1/armv7-m/crtbegin.o
LOAD c:/program files (x86)/cypress/psoc creator/4.2/psoc creator/import/gnu/arm/5.4.1/bin/../lib/gcc/arm-none-eabi/5.4.1/../../../../arm-none-eabi/lib/armv7-m/crt0.o
START GROUP
LOAD .\CortexM3\ARM_GCC_541\Debug\main.o
LOAD .\CortexM3\ARM_GCC_541\Debug\cyfitter_cfg.o
LOAD .\CortexM3\ARM_GCC_541\Debug\cymetadata.o
LOAD .\CortexM3\ARM_GCC_541\Debug\Cm3Start.o
LOAD .\CortexM3\ARM_GCC_541\Debug\EMILA.a
LOAD C:\Program Files (x86)\Cypress\PSoC Creator\4.2\PSoC Creator\psoc\content\cycomponentlibrary\CyComponentLibrary.cylib\CortexM3\ARM_GCC_541\Debug\CyComponentLibrary.a
END GROUP
START GROUP
LOAD c:/program files (x86)/cypress/psoc creator/4.2/psoc creator/import/gnu/arm/5.4.1/bin/../lib/gcc/arm-none-eabi/5.4.1/armv7-m\libgcc.a
LOAD c:/program files (x86)/cypress/psoc creator/4.2/psoc creator/import/gnu/arm/5.4.1/bin/../lib/gcc/arm-none-eabi/5.4.1/../../../../arm-none-eabi/lib/armv7-m\libg_nano.a
LOAD c:/program files (x86)/cypress/psoc creator/4.2/psoc creator/import/gnu/arm/5.4.1/bin/../lib/gcc/arm-none-eabi/5.4.1/../../../../arm-none-eabi/lib/armv7-m\libc_nano.a
END GROUP
START GROUP
LOAD c:/program files (x86)/cypress/psoc creator/4.2/psoc creator/import/gnu/arm/5.4.1/bin/../lib/gcc/arm-none-eabi/5.4.1/armv7-m\libgcc.a
LOAD c:/program files (x86)/cypress/psoc creator/4.2/psoc creator/import/gnu/arm/5.4.1/bin/../lib/gcc/arm-none-eabi/5.4.1/../../../../arm-none-eabi/lib/armv7-m\libc_nano.a
END GROUP
LOAD c:/program files (x86)/cypress/psoc creator/4.2/psoc creator/import/gnu/arm/5.4.1/bin/../lib/gcc/arm-none-eabi/5.4.1/armv7-m/crtend.o
LOAD c:/program files (x86)/cypress/psoc creator/4.2/psoc creator/import/gnu/arm/5.4.1/bin/../lib/gcc/arm-none-eabi/5.4.1/armv7-m/crtn.o
START GROUP
LOAD c:/program files (x86)/cypress/psoc creator/4.2/psoc creator/import/gnu/arm/5.4.1/bin/../lib/gcc/arm-none-eabi/5.4.1/armv7-m\libgcc.a
LOAD c:/program files (x86)/cypress/psoc creator/4.2/psoc creator/import/gnu/arm/5.4.1/bin/../lib/gcc/arm-none-eabi/5.4.1/../../../../arm-none-eabi/lib/armv7-m\libc.a
LOAD c:/program files (x86)/cypress/psoc creator/4.2/psoc creator/import/gnu/arm/5.4.1/bin/../lib/gcc/arm-none-eabi/5.4.1/../../../../arm-none-eabi/lib/armv7-m\libnosys.a
END GROUP
                0x00000000                CY_APPL_ORIGIN = 0x0
                0x00000100                CY_FLASH_ROW_SIZE = 0x100
                0x00000020                CY_ECC_ROW_SIZE = 0x20
                0x00000000                CY_EE_IN_BTLDR = 0x0
                0x00000000                CY_APPL_LOADABLE = 0x0
                0x00000800                CY_EE_SIZE = 0x800
                0x00000001                CY_APPL_NUM = 0x1
                0x00000001                CY_APPL_MAX = 0x1
                0x00000040                CY_METADATA_SIZE = 0x40
                0x00000000                CY_APPL_LOADABLE = 0x0
                0x00000000                CY_CHECKSUM_EXCLUDE_SIZE = ALIGN (0x0, CY_FLASH_ROW_SIZE)
                [!provide]                PROVIDE (__cy_heap_start, _end)
                0x00000001                PROVIDE (__cy_region_num, ((__cy_regions_end - __cy_regions) / 0x10))
                0x20008000                PROVIDE (__cy_stack, (ORIGIN (ram) + LENGTH (ram)))
                [!provide]                PROVIDE (__cy_heap_end, (__cy_stack - 0x800))

.cybootloader   0x00000000        0x0
 *(.cybootloader)
                0x00000000                appl1_start = CY_APPL_ORIGIN?CY_APPL_ORIGIN:ALIGN (CY_FLASH_ROW_SIZE)
                0x0001ff00                appl2_start = (appl1_start + ALIGN ((((LENGTH (rom) - appl1_start) - (0x2 * CY_FLASH_ROW_SIZE)) / 0x2), CY_FLASH_ROW_SIZE))
                0x00000000                appl_start = (CY_APPL_NUM == 0x1)?appl1_start:appl2_start
                0x00000000                ecc_offset = ((appl_start / CY_FLASH_ROW_SIZE) * CY_ECC_ROW_SIZE)
                0x00000000                ee_offset = (CY_APPL_LOADABLE && ! (CY_EE_IN_BTLDR))?((CY_EE_SIZE / CY_APPL_MAX) * (CY_APPL_NUM - 0x1)):0x0
                0x00000800                ee_size = (CY_APPL_LOADABLE && ! (CY_EE_IN_BTLDR))?(CY_EE_SIZE / CY_APPL_MAX):CY_EE_SIZE
                [!provide]                PROVIDE (CY_ECC_OFFSET, ecc_offset)

.text           0x00000000     0x1a40
 CREATE_OBJECT_SYMBOLS
                0x00000000                PROVIDE (__cy_interrupt_vector, RomVectors)
 *(.romvectors)
 .romvectors    0x00000000       0x10 .\CortexM3\ARM_GCC_541\Debug\Cm3Start.o
                0x00000000                RomVectors
                0x00000001                ASSERT ((. != __cy_interrupt_vector), No interrupt vector)
                0x00000001                ASSERT (CY_APPL_ORIGIN?(SIZEOF (.cybootloader) <= CY_APPL_ORIGIN):0x1, Wrong image location)
                0x00000010                PROVIDE (__cy_reset, Reset)
 *(.text.Reset)
 .text.Reset    0x00000010       0x18 .\CortexM3\ARM_GCC_541\Debug\Cm3Start.o
                0x00000010                Reset
                0x00000001                ASSERT ((. != __cy_reset), No reset code)
 *(.dma_init)
                0x00000001                ASSERT ((((appl_start + .) <= 0x10000) || 0x1), DMA Init must be within the first 64k of flash)
 *(.text .text.* .gnu.linkonce.t.*)
 .text          0x00000028       0x5c c:/program files (x86)/cypress/psoc creator/4.2/psoc creator/import/gnu/arm/5.4.1/bin/../lib/gcc/arm-none-eabi/5.4.1/armv7-m/crtbegin.o
 .text.SAMPLE_ISR
                0x00000084       0x38 .\CortexM3\ARM_GCC_541\Debug\main.o
                0x00000084                SAMPLE_ISR
 .text.VERIFY_ISR
                0x000000bc       0x7c .\CortexM3\ARM_GCC_541\Debug\main.o
                0x000000bc                VERIFY_ISR
 .text.main     0x00000138      0x1ec .\CortexM3\ARM_GCC_541\Debug\main.o
                0x00000138                main
 .text.CyClockStartupError
                0x00000324        0x4 .\CortexM3\ARM_GCC_541\Debug\cyfitter_cfg.o
 .text.cfg_write_bytes32
                0x00000328       0x34 .\CortexM3\ARM_GCC_541\Debug\cyfitter_cfg.o
 .text.CYMEMZERO
                0x0000035c        0xc .\CortexM3\ARM_GCC_541\Debug\cyfitter_cfg.o
 .text.AnalogSetDefault
                0x00000368       0x74 .\CortexM3\ARM_GCC_541\Debug\cyfitter_cfg.o
 .text.CYCONFIGCPY
                0x000003dc        0x8 .\CortexM3\ARM_GCC_541\Debug\cyfitter_cfg.o
 .text.ClockSetup
                0x000003e4       0xf4 .\CortexM3\ARM_GCC_541\Debug\cyfitter_cfg.o
 .text.cyfitter_cfg
                0x000004d8      0x114 .\CortexM3\ARM_GCC_541\Debug\cyfitter_cfg.o
                0x000004d8                cyfitter_cfg
 .text.IntDefaultHandler
                0x000005ec       0x10 .\CortexM3\ARM_GCC_541\Debug\Cm3Start.o
                0x000005ec                IntDefaultHandler
 .text._sbrk    0x000005fc       0x30 .\CortexM3\ARM_GCC_541\Debug\Cm3Start.o
                0x000005fc                _sbrk
 .text.Start_c  0x0000062c       0x4c .\CortexM3\ARM_GCC_541\Debug\Cm3Start.o
                0x0000062c                Start_c
 .text.initialize_psoc
                0x00000678       0x68 .\CortexM3\ARM_GCC_541\Debug\Cm3Start.o
                0x00000678                initialize_psoc
 .text.UART_1_Init
                0x000006e0       0x24 .\CortexM3\ARM_GCC_541\Debug\EMILA.a(UART_1.o)
                0x000006e0                UART_1_Init
 .text.UART_1_Enable
                0x00000704       0x38 .\CortexM3\ARM_GCC_541\Debug\EMILA.a(UART_1.o)
                0x00000704                UART_1_Enable
 .text.UART_1_Start
                0x0000073c       0x1c .\CortexM3\ARM_GCC_541\Debug\EMILA.a(UART_1.o)
                0x0000073c                UART_1_Start
 .text.UART_1_ReadRxData
                0x00000758        0xc .\CortexM3\ARM_GCC_541\Debug\EMILA.a(UART_1.o)
                0x00000758                UART_1_ReadRxData
 .text.UART_1_ReadRxStatus
                0x00000764       0x10 .\CortexM3\ARM_GCC_541\Debug\EMILA.a(UART_1.o)
                0x00000764                UART_1_ReadRxStatus
 .text.UART_1_GetChar
                0x00000774       0x2c .\CortexM3\ARM_GCC_541\Debug\EMILA.a(UART_1.o)
                0x00000774                UART_1_GetChar
 .text.UART_1_GetByte
                0x000007a0       0x14 .\CortexM3\ARM_GCC_541\Debug\EMILA.a(UART_1.o)
                0x000007a0                UART_1_GetByte
 .text.UART_1_PutChar
                0x000007b4       0x18 .\CortexM3\ARM_GCC_541\Debug\EMILA.a(UART_1.o)
                0x000007b4                UART_1_PutChar
 .text.UART_1_PutString
                0x000007cc       0x24 .\CortexM3\ARM_GCC_541\Debug\EMILA.a(UART_1.o)
                0x000007cc                UART_1_PutString
 .text.UART_1_IntClock_Start
                0x000007f0       0x1c .\CortexM3\ARM_GCC_541\Debug\EMILA.a(UART_1_IntClock.o)
                0x000007f0                UART_1_IntClock_Start
 .text.CyHalt   0x0000080c        0x4 .\CortexM3\ARM_GCC_541\Debug\EMILA.a(CyLib.o)
                0x0000080c                CyHalt
 .text.CyDelay  0x00000810       0x2c .\CortexM3\ARM_GCC_541\Debug\EMILA.a(CyLib.o)
                0x00000810                CyDelay
 .text.CyDelayUs
                0x0000083c       0x14 .\CortexM3\ARM_GCC_541\Debug\EMILA.a(CyLib.o)
                0x0000083c                CyDelayUs
 .text.CyIntSetVector
                0x00000850       0x28 .\CortexM3\ARM_GCC_541\Debug\EMILA.a(CyLib.o)
                0x00000850                CyIntSetVector
 .text.CyIntSetPriority
                0x00000878       0x30 .\CortexM3\ARM_GCC_541\Debug\EMILA.a(CyLib.o)
                0x00000878                CyIntSetPriority
 .text.ADC_SAR_1_CalcGain
                0x000008a8       0x5c .\CortexM3\ARM_GCC_541\Debug\EMILA.a(ADC_SAR_1.o)
 .text.ADC_SAR_1_Enable
                0x00000904       0x94 .\CortexM3\ARM_GCC_541\Debug\EMILA.a(ADC_SAR_1.o)
                0x00000904                ADC_SAR_1_Enable
 .text.ADC_SAR_1_SetResolution
                0x00000998       0x38 .\CortexM3\ARM_GCC_541\Debug\EMILA.a(ADC_SAR_1.o)
                0x00000998                ADC_SAR_1_SetResolution
 .text.ADC_SAR_1_Init
                0x000009d0       0x3c .\CortexM3\ARM_GCC_541\Debug\EMILA.a(ADC_SAR_1.o)
                0x000009d0                ADC_SAR_1_Init
 .text.ADC_SAR_1_Start
                0x00000a0c       0x1c .\CortexM3\ARM_GCC_541\Debug\EMILA.a(ADC_SAR_1.o)
                0x00000a0c                ADC_SAR_1_Start
 .text.ADC_SAR_1_StartConvert
                0x00000a28       0x10 .\CortexM3\ARM_GCC_541\Debug\EMILA.a(ADC_SAR_1.o)
                0x00000a28                ADC_SAR_1_StartConvert
 .text.ADC_SAR_1_IsEndConversion
                0x00000a38       0x24 .\CortexM3\ARM_GCC_541\Debug\EMILA.a(ADC_SAR_1.o)
                0x00000a38                ADC_SAR_1_IsEndConversion
 .text.ADC_SAR_1_GetResult16
                0x00000a5c       0x18 .\CortexM3\ARM_GCC_541\Debug\EMILA.a(ADC_SAR_1.o)
                0x00000a5c                ADC_SAR_1_GetResult16
 .text.ADC_SAR_1_ISR
                0x00000a74        0x4 .\CortexM3\ARM_GCC_541\Debug\EMILA.a(ADC_SAR_1_INT.o)
                0x00000a74                ADC_SAR_1_ISR
 .text.ADC_SAR_1_theACLK_SetModeRegister
                0x00000a78       0x14 .\CortexM3\ARM_GCC_541\Debug\EMILA.a(ADC_SAR_1_theACLK.o)
                0x00000a78                ADC_SAR_1_theACLK_SetModeRegister
 .text.PWM_1_Enable
                0x00000a8c       0x10 .\CortexM3\ARM_GCC_541\Debug\EMILA.a(PWM_1.o)
                0x00000a8c                PWM_1_Enable
 .text.PWM_1_WriteCounter
                0x00000a9c        0xc .\CortexM3\ARM_GCC_541\Debug\EMILA.a(PWM_1.o)
                0x00000a9c                PWM_1_WriteCounter
 .text.PWM_1_WritePeriod
                0x00000aa8        0xc .\CortexM3\ARM_GCC_541\Debug\EMILA.a(PWM_1.o)
                0x00000aa8                PWM_1_WritePeriod
 .text.PWM_1_WriteCompare
                0x00000ab4        0xc .\CortexM3\ARM_GCC_541\Debug\EMILA.a(PWM_1.o)
                0x00000ab4                PWM_1_WriteCompare
 .text.PWM_1_SetInterruptMode
                0x00000ac0        0xc .\CortexM3\ARM_GCC_541\Debug\EMILA.a(PWM_1.o)
                0x00000ac0                PWM_1_SetInterruptMode
 .text.PWM_1_ReadStatusRegister
                0x00000acc        0xc .\CortexM3\ARM_GCC_541\Debug\EMILA.a(PWM_1.o)
                0x00000acc                PWM_1_ReadStatusRegister
 .text.PWM_1_ReadCapture
                0x00000ad8        0xc .\CortexM3\ARM_GCC_541\Debug\EMILA.a(PWM_1.o)
                0x00000ad8                PWM_1_ReadCapture
 .text.PWM_1_ClearFIFO
                0x00000ae4       0x14 .\CortexM3\ARM_GCC_541\Debug\EMILA.a(PWM_1.o)
                0x00000ae4                PWM_1_ClearFIFO
 .text.PWM_1_Init
                0x00000af8       0x60 .\CortexM3\ARM_GCC_541\Debug\EMILA.a(PWM_1.o)
                0x00000af8                PWM_1_Init
 .text.PWM_1_Start
                0x00000b58       0x1c .\CortexM3\ARM_GCC_541\Debug\EMILA.a(PWM_1.o)
                0x00000b58                PWM_1_Start
 .text.PWM_2_Enable
                0x00000b74       0x10 .\CortexM3\ARM_GCC_541\Debug\EMILA.a(PWM_2.o)
                0x00000b74                PWM_2_Enable
 .text.PWM_2_WriteCounter
                0x00000b84        0xc .\CortexM3\ARM_GCC_541\Debug\EMILA.a(PWM_2.o)
                0x00000b84                PWM_2_WriteCounter
 .text.PWM_2_WritePeriod
                0x00000b90        0xc .\CortexM3\ARM_GCC_541\Debug\EMILA.a(PWM_2.o)
                0x00000b90                PWM_2_WritePeriod
 .text.PWM_2_WriteCompare
                0x00000b9c        0xc .\CortexM3\ARM_GCC_541\Debug\EMILA.a(PWM_2.o)
                0x00000b9c                PWM_2_WriteCompare
 .text.PWM_2_SetInterruptMode
                0x00000ba8        0xc .\CortexM3\ARM_GCC_541\Debug\EMILA.a(PWM_2.o)
                0x00000ba8                PWM_2_SetInterruptMode
 .text.PWM_2_ReadStatusRegister
                0x00000bb4        0xc .\CortexM3\ARM_GCC_541\Debug\EMILA.a(PWM_2.o)
                0x00000bb4                PWM_2_ReadStatusRegister
 .text.PWM_2_ReadCapture
                0x00000bc0        0xc .\CortexM3\ARM_GCC_541\Debug\EMILA.a(PWM_2.o)
                0x00000bc0                PWM_2_ReadCapture
 .text.PWM_2_ClearFIFO
                0x00000bcc       0x14 .\CortexM3\ARM_GCC_541\Debug\EMILA.a(PWM_2.o)
                0x00000bcc                PWM_2_ClearFIFO
 .text.PWM_2_Init
                0x00000be0       0x60 .\CortexM3\ARM_GCC_541\Debug\EMILA.a(PWM_2.o)
                0x00000be0                PWM_2_Init
 .text.PWM_2_Start
                0x00000c40       0x1c .\CortexM3\ARM_GCC_541\Debug\EMILA.a(PWM_2.o)
                0x00000c40                PWM_2_Start
 .text.PWM_3_Enable
                0x00000c5c       0x10 .\CortexM3\ARM_GCC_541\Debug\EMILA.a(PWM_3.o)
                0x00000c5c                PWM_3_Enable
 .text.PWM_3_WriteCounter
                0x00000c6c        0xc .\CortexM3\ARM_GCC_541\Debug\EMILA.a(PWM_3.o)
                0x00000c6c                PWM_3_WriteCounter
 .text.PWM_3_WritePeriod
                0x00000c78        0xc .\CortexM3\ARM_GCC_541\Debug\EMILA.a(PWM_3.o)
                0x00000c78                PWM_3_WritePeriod
 .text.PWM_3_WriteCompare
                0x00000c84        0xc .\CortexM3\ARM_GCC_541\Debug\EMILA.a(PWM_3.o)
                0x00000c84                PWM_3_WriteCompare
 .text.PWM_3_SetInterruptMode
                0x00000c90        0xc .\CortexM3\ARM_GCC_541\Debug\EMILA.a(PWM_3.o)
                0x00000c90                PWM_3_SetInterruptMode
 .text.PWM_3_ReadStatusRegister
                0x00000c9c        0xc .\CortexM3\ARM_GCC_541\Debug\EMILA.a(PWM_3.o)
                0x00000c9c                PWM_3_ReadStatusRegister
 .text.PWM_3_ReadCapture
                0x00000ca8        0xc .\CortexM3\ARM_GCC_541\Debug\EMILA.a(PWM_3.o)
                0x00000ca8                PWM_3_ReadCapture
 .text.PWM_3_ClearFIFO
                0x00000cb4       0x14 .\CortexM3\ARM_GCC_541\Debug\EMILA.a(PWM_3.o)
                0x00000cb4                PWM_3_ClearFIFO
 .text.PWM_3_Init
                0x00000cc8       0x60 .\CortexM3\ARM_GCC_541\Debug\EMILA.a(PWM_3.o)
                0x00000cc8                PWM_3_Init
 .text.PWM_3_Start
                0x00000d28       0x1c .\CortexM3\ARM_GCC_541\Debug\EMILA.a(PWM_3.o)
                0x00000d28                PWM_3_Start
 .text.PWM_4_Enable
                0x00000d44       0x10 .\CortexM3\ARM_GCC_541\Debug\EMILA.a(PWM_4.o)
                0x00000d44                PWM_4_Enable
 .text.PWM_4_WriteCounter
                0x00000d54        0xc .\CortexM3\ARM_GCC_541\Debug\EMILA.a(PWM_4.o)
                0x00000d54                PWM_4_WriteCounter
 .text.PWM_4_WritePeriod
                0x00000d60        0xc .\CortexM3\ARM_GCC_541\Debug\EMILA.a(PWM_4.o)
                0x00000d60                PWM_4_WritePeriod
 .text.PWM_4_WriteCompare
                0x00000d6c        0xc .\CortexM3\ARM_GCC_541\Debug\EMILA.a(PWM_4.o)
                0x00000d6c                PWM_4_WriteCompare
 .text.PWM_4_SetInterruptMode
                0x00000d78        0xc .\CortexM3\ARM_GCC_541\Debug\EMILA.a(PWM_4.o)
                0x00000d78                PWM_4_SetInterruptMode
 .text.PWM_4_ReadStatusRegister
                0x00000d84        0xc .\CortexM3\ARM_GCC_541\Debug\EMILA.a(PWM_4.o)
                0x00000d84                PWM_4_ReadStatusRegister
 .text.PWM_4_ReadCapture
                0x00000d90        0xc .\CortexM3\ARM_GCC_541\Debug\EMILA.a(PWM_4.o)
                0x00000d90                PWM_4_ReadCapture
 .text.PWM_4_ClearFIFO
                0x00000d9c       0x14 .\CortexM3\ARM_GCC_541\Debug\EMILA.a(PWM_4.o)
                0x00000d9c                PWM_4_ClearFIFO
 .text.PWM_4_Init
                0x00000db0       0x60 .\CortexM3\ARM_GCC_541\Debug\EMILA.a(PWM_4.o)
                0x00000db0                PWM_4_Init
 .text.PWM_4_Start
                0x00000e10       0x1c .\CortexM3\ARM_GCC_541\Debug\EMILA.a(PWM_4.o)
                0x00000e10                PWM_4_Start
 .text.PWM_5_Enable
                0x00000e2c       0x10 .\CortexM3\ARM_GCC_541\Debug\EMILA.a(PWM_5.o)
                0x00000e2c                PWM_5_Enable
 .text.PWM_5_WriteCounter
                0x00000e3c        0xc .\CortexM3\ARM_GCC_541\Debug\EMILA.a(PWM_5.o)
                0x00000e3c                PWM_5_WriteCounter
 .text.PWM_5_WritePeriod
                0x00000e48        0xc .\CortexM3\ARM_GCC_541\Debug\EMILA.a(PWM_5.o)
                0x00000e48                PWM_5_WritePeriod
 .text.PWM_5_WriteCompare
                0x00000e54        0xc .\CortexM3\ARM_GCC_541\Debug\EMILA.a(PWM_5.o)
                0x00000e54                PWM_5_WriteCompare
 .text.PWM_5_SetInterruptMode
                0x00000e60        0xc .\CortexM3\ARM_GCC_541\Debug\EMILA.a(PWM_5.o)
                0x00000e60                PWM_5_SetInterruptMode
 .text.PWM_5_ReadStatusRegister
                0x00000e6c        0xc .\CortexM3\ARM_GCC_541\Debug\EMILA.a(PWM_5.o)
                0x00000e6c                PWM_5_ReadStatusRegister
 .text.PWM_5_ReadCapture
                0x00000e78        0xc .\CortexM3\ARM_GCC_541\Debug\EMILA.a(PWM_5.o)
                0x00000e78                PWM_5_ReadCapture
 .text.PWM_5_ClearFIFO
                0x00000e84       0x14 .\CortexM3\ARM_GCC_541\Debug\EMILA.a(PWM_5.o)
                0x00000e84                PWM_5_ClearFIFO
 .text.PWM_5_Init
                0x00000e98       0x60 .\CortexM3\ARM_GCC_541\Debug\EMILA.a(PWM_5.o)
                0x00000e98                PWM_5_Init
 .text.PWM_5_Start
                0x00000ef8       0x1c .\CortexM3\ARM_GCC_541\Debug\EMILA.a(PWM_5.o)
                0x00000ef8                PWM_5_Start
 .text.Timer_1_Enable
                0x00000f14       0x28 .\CortexM3\ARM_GCC_541\Debug\EMILA.a(Timer_1.o)
                0x00000f14                Timer_1_Enable
 .text.Timer_1_SetInterruptMode
                0x00000f3c        0xc .\CortexM3\ARM_GCC_541\Debug\EMILA.a(Timer_1.o)
                0x00000f3c                Timer_1_SetInterruptMode
 .text.Timer_1_WritePeriod
                0x00000f48        0xc .\CortexM3\ARM_GCC_541\Debug\EMILA.a(Timer_1.o)
                0x00000f48                Timer_1_WritePeriod
 .text.Timer_1_WriteCounter
                0x00000f54        0xc .\CortexM3\ARM_GCC_541\Debug\EMILA.a(Timer_1.o)
                0x00000f54                Timer_1_WriteCounter
 .text.Timer_1_Init
                0x00000f60       0x68 .\CortexM3\ARM_GCC_541\Debug\EMILA.a(Timer_1.o)
                0x00000f60                Timer_1_Init
 .text.Timer_1_Start
                0x00000fc8       0x1c .\CortexM3\ARM_GCC_541\Debug\EMILA.a(Timer_1.o)
                0x00000fc8                Timer_1_Start
 .text.ISR_VERIFY_SetVector
                0x00000fe4        0xc .\CortexM3\ARM_GCC_541\Debug\EMILA.a(ISR_VERIFY.o)
                0x00000fe4                ISR_VERIFY_SetVector
 .text.ISR_VERIFY_SetPriority
                0x00000ff0       0x10 .\CortexM3\ARM_GCC_541\Debug\EMILA.a(ISR_VERIFY.o)
                0x00000ff0                ISR_VERIFY_SetPriority
 .text.ISR_VERIFY_Enable
                0x00001000        0xc .\CortexM3\ARM_GCC_541\Debug\EMILA.a(ISR_VERIFY.o)
                0x00001000                ISR_VERIFY_Enable
 .text.ISR_VERIFY_Disable
                0x0000100c        0xc .\CortexM3\ARM_GCC_541\Debug\EMILA.a(ISR_VERIFY.o)
                0x0000100c                ISR_VERIFY_Disable
 .text.ISR_VERIFY_StartEx
                0x00001018       0x1c .\CortexM3\ARM_GCC_541\Debug\EMILA.a(ISR_VERIFY.o)
                0x00001018                ISR_VERIFY_StartEx
 .text.Timer_2_Enable
                0x00001034       0x28 .\CortexM3\ARM_GCC_541\Debug\EMILA.a(Timer_2.o)
                0x00001034                Timer_2_Enable
 .text.Timer_2_SetInterruptMode
                0x0000105c        0xc .\CortexM3\ARM_GCC_541\Debug\EMILA.a(Timer_2.o)
                0x0000105c                Timer_2_SetInterruptMode
 .text.Timer_2_WritePeriod
                0x00001068        0xc .\CortexM3\ARM_GCC_541\Debug\EMILA.a(Timer_2.o)
                0x00001068                Timer_2_WritePeriod
 .text.Timer_2_WriteCounter
                0x00001074        0xc .\CortexM3\ARM_GCC_541\Debug\EMILA.a(Timer_2.o)
                0x00001074                Timer_2_WriteCounter
 .text.Timer_2_Init
                0x00001080       0x68 .\CortexM3\ARM_GCC_541\Debug\EMILA.a(Timer_2.o)
                0x00001080                Timer_2_Init
 .text.Timer_2_Start
                0x000010e8       0x1c .\CortexM3\ARM_GCC_541\Debug\EMILA.a(Timer_2.o)
                0x000010e8                Timer_2_Start
 .text.ISR_SAMPLE_SetVector
                0x00001104        0xc .\CortexM3\ARM_GCC_541\Debug\EMILA.a(ISR_SAMPLE.o)
                0x00001104                ISR_SAMPLE_SetVector
 .text.ISR_SAMPLE_SetPriority
                0x00001110       0x10 .\CortexM3\ARM_GCC_541\Debug\EMILA.a(ISR_SAMPLE.o)
                0x00001110                ISR_SAMPLE_SetPriority
 .text.ISR_SAMPLE_Enable
                0x00001120        0xc .\CortexM3\ARM_GCC_541\Debug\EMILA.a(ISR_SAMPLE.o)
                0x00001120                ISR_SAMPLE_Enable
 .text.ISR_SAMPLE_Disable
                0x0000112c        0xc .\CortexM3\ARM_GCC_541\Debug\EMILA.a(ISR_SAMPLE.o)
                0x0000112c                ISR_SAMPLE_Disable
 .text.ISR_SAMPLE_StartEx
                0x00001138       0x1c .\CortexM3\ARM_GCC_541\Debug\EMILA.a(ISR_SAMPLE.o)
                0x00001138                ISR_SAMPLE_StartEx
 *fill*         0x00001154        0x4 
 .text          0x00001158       0x20 .\CortexM3\ARM_GCC_541\Debug\EMILA.a(CyBootAsmGnu.o)
                0x00001158                CyDelayCycles
                0x00001168                CyEnterCriticalSection
                0x00001170                CyExitCriticalSection
 .text.__errno  0x00001178        0xc c:/program files (x86)/cypress/psoc creator/4.2/psoc creator/import/gnu/arm/5.4.1/bin/../lib/gcc/arm-none-eabi/5.4.1/../../../../arm-none-eabi/lib/armv7-m\libg_nano.a(lib_a-errno.o)
                0x00001178                __errno
 .text.__libc_init_array
                0x00001184       0x4c c:/program files (x86)/cypress/psoc creator/4.2/psoc creator/import/gnu/arm/5.4.1/bin/../lib/gcc/arm-none-eabi/5.4.1/../../../../arm-none-eabi/lib/armv7-m\libg_nano.a(lib_a-init.o)
                0x00001184                __libc_init_array
 .text.memcpy   0x000011d0       0x16 c:/program files (x86)/cypress/psoc creator/4.2/psoc creator/import/gnu/arm/5.4.1/bin/../lib/gcc/arm-none-eabi/5.4.1/../../../../arm-none-eabi/lib/armv7-m\libg_nano.a(lib_a-memcpy-stub.o)
                0x000011d0                memcpy
 .text.memset   0x000011e6       0x10 c:/program files (x86)/cypress/psoc creator/4.2/psoc creator/import/gnu/arm/5.4.1/bin/../lib/gcc/arm-none-eabi/5.4.1/../../../../arm-none-eabi/lib/armv7-m\libg_nano.a(lib_a-memset.o)
                0x000011e6                memset
 *fill*         0x000011f6        0x2 
 .text.sprintf  0x000011f8       0x48 c:/program files (x86)/cypress/psoc creator/4.2/psoc creator/import/gnu/arm/5.4.1/bin/../lib/gcc/arm-none-eabi/5.4.1/../../../../arm-none-eabi/lib/armv7-m\libg_nano.a(lib_a-sprintf.o)
                0x000011f8                siprintf
                0x000011f8                sprintf
 .text.__ssputs_r
                0x00001240       0xb2 c:/program files (x86)/cypress/psoc creator/4.2/psoc creator/import/gnu/arm/5.4.1/bin/../lib/gcc/arm-none-eabi/5.4.1/../../../../arm-none-eabi/lib/armv7-m\libg_nano.a(lib_a-nano-svfprintf.o)
                0x00001240                __ssputs_r
 *fill*         0x000012f2        0x2 
 .text._svfprintf_r
                0x000012f4      0x1e8 c:/program files (x86)/cypress/psoc creator/4.2/psoc creator/import/gnu/arm/5.4.1/bin/../lib/gcc/arm-none-eabi/5.4.1/../../../../arm-none-eabi/lib/armv7-m\libg_nano.a(lib_a-nano-svfprintf.o)
                0x000012f4                _svfiprintf_r
                0x000012f4                _svfprintf_r
 .text._printf_common
                0x000014dc       0xec c:/program files (x86)/cypress/psoc creator/4.2/psoc creator/import/gnu/arm/5.4.1/bin/../lib/gcc/arm-none-eabi/5.4.1/../../../../arm-none-eabi/lib/armv7-m\libg_nano.a(lib_a-nano-vfprintf_i.o)
                0x000014dc                _printf_common
 .text._printf_i
                0x000015c8      0x24c c:/program files (x86)/cypress/psoc creator/4.2/psoc creator/import/gnu/arm/5.4.1/bin/../lib/gcc/arm-none-eabi/5.4.1/../../../../arm-none-eabi/lib/armv7-m\libg_nano.a(lib_a-nano-vfprintf_i.o)
                0x000015c8                _printf_i
 .text.memchr   0x00001814       0x1c c:/program files (x86)/cypress/psoc creator/4.2/psoc creator/import/gnu/arm/5.4.1/bin/../lib/gcc/arm-none-eabi/5.4.1/../../../../arm-none-eabi/lib/armv7-m\libg_nano.a(lib_a-memchr-stub.o)
                0x00001814                memchr
 .text.memmove  0x00001830       0x36 c:/program files (x86)/cypress/psoc creator/4.2/psoc creator/import/gnu/arm/5.4.1/bin/../lib/gcc/arm-none-eabi/5.4.1/../../../../arm-none-eabi/lib/armv7-m\libg_nano.a(lib_a-memmove.o)
                0x00001830                memmove
 *fill*         0x00001866        0x2 
 .text._free_r  0x00001868       0x98 c:/program files (x86)/cypress/psoc creator/4.2/psoc creator/import/gnu/arm/5.4.1/bin/../lib/gcc/arm-none-eabi/5.4.1/../../../../arm-none-eabi/lib/armv7-m\libg_nano.a(lib_a-nano-freer.o)
                0x00001868                _free_r
 .text._malloc_r
                0x00001900       0xbc c:/program files (x86)/cypress/psoc creator/4.2/psoc creator/import/gnu/arm/5.4.1/bin/../lib/gcc/arm-none-eabi/5.4.1/../../../../arm-none-eabi/lib/armv7-m\libg_nano.a(lib_a-nano-mallocr.o)
                0x00001900                _malloc_r
 .text._realloc_r
                0x000019bc       0x4c c:/program files (x86)/cypress/psoc creator/4.2/psoc creator/import/gnu/arm/5.4.1/bin/../lib/gcc/arm-none-eabi/5.4.1/../../../../arm-none-eabi/lib/armv7-m\libg_nano.a(lib_a-nano-reallocr.o)
                0x000019bc                _realloc_r
 .text._sbrk_r  0x00001a08       0x20 c:/program files (x86)/cypress/psoc creator/4.2/psoc creator/import/gnu/arm/5.4.1/bin/../lib/gcc/arm-none-eabi/5.4.1/../../../../arm-none-eabi/lib/armv7-m\libg_nano.a(lib_a-sbrkr.o)
                0x00001a08                _sbrk_r
 .text.__malloc_lock
                0x00001a28        0x2 c:/program files (x86)/cypress/psoc creator/4.2/psoc creator/import/gnu/arm/5.4.1/bin/../lib/gcc/arm-none-eabi/5.4.1/../../../../arm-none-eabi/lib/armv7-m\libg_nano.a(lib_a-mlock.o)
                0x00001a28                __malloc_lock
 .text.__malloc_unlock
                0x00001a2a        0x2 c:/program files (x86)/cypress/psoc creator/4.2/psoc creator/import/gnu/arm/5.4.1/bin/../lib/gcc/arm-none-eabi/5.4.1/../../../../arm-none-eabi/lib/armv7-m\libg_nano.a(lib_a-mlock.o)
                0x00001a2a                __malloc_unlock
 .text._malloc_usable_size_r
                0x00001a2c       0x14 c:/program files (x86)/cypress/psoc creator/4.2/psoc creator/import/gnu/arm/5.4.1/bin/../lib/gcc/arm-none-eabi/5.4.1/../../../../arm-none-eabi/lib/armv7-m\libg_nano.a(lib_a-nano-msizer.o)
                0x00001a2c                _malloc_usable_size_r
 *(.plt)
 *(.gnu.warning)
 *(.glue_7t)
 .glue_7t       0x00001a40        0x0 linker stubs
 *(.glue_7)
 .glue_7        0x00001a40        0x0 linker stubs
 *(.vfp11_veneer)
 .vfp11_veneer  0x00001a40        0x0 linker stubs
 *(.bootloader)
 *(.ARM.extab* .gnu.linkonce.armextab.*)
 *(.gcc_except_table)

.v4_bx          0x00001a40        0x0
 .v4_bx         0x00001a40        0x0 linker stubs

.iplt           0x00001a40        0x0
 .iplt          0x00001a40        0x0 c:/program files (x86)/cypress/psoc creator/4.2/psoc creator/import/gnu/arm/5.4.1/bin/../lib/gcc/arm-none-eabi/5.4.1/armv7-m/crtbegin.o

.eh_frame_hdr
 *(.eh_frame_hdr)

.eh_frame       0x00001a40        0x4
 *(.eh_frame)
 .eh_frame      0x00001a40        0x0 c:/program files (x86)/cypress/psoc creator/4.2/psoc creator/import/gnu/arm/5.4.1/bin/../lib/gcc/arm-none-eabi/5.4.1/armv7-m/crtbegin.o
 .eh_frame      0x00001a40        0x4 c:/program files (x86)/cypress/psoc creator/4.2/psoc creator/import/gnu/arm/5.4.1/bin/../lib/gcc/arm-none-eabi/5.4.1/armv7-m/crtend.o
                [!provide]                PROVIDE (__exidx_start, .)

.ARM.exidx
 *(.ARM.exidx* .gnu.linkonce.armexidx.*)
                0x00001a44                __exidx_end = .

.rodata         0x00001a44      0x13c
 *(.rodata .rodata.* .gnu.linkonce.r.*)
 .rodata.str1.4
                0x00001a44       0xa0 .\CortexM3\ARM_GCC_541\Debug\main.o
 .rodata        0x00001ae4       0x30 .\CortexM3\ARM_GCC_541\Debug\cyfitter_cfg.o
 .rodata.str1.1
                0x00001b14        0x2 c:/program files (x86)/cypress/psoc creator/4.2/psoc creator/import/gnu/arm/5.4.1/bin/../lib/gcc/arm-none-eabi/5.4.1/../../../../arm-none-eabi/lib/armv7-m\libg_nano.a(lib_a-impure.o)
 .rodata.str1.1
                0x00001b16       0x11 c:/program files (x86)/cypress/psoc creator/4.2/psoc creator/import/gnu/arm/5.4.1/bin/../lib/gcc/arm-none-eabi/5.4.1/../../../../arm-none-eabi/lib/armv7-m\libg_nano.a(lib_a-nano-svfprintf.o)
 .rodata.str1.1
                0x00001b27       0x22 c:/program files (x86)/cypress/psoc creator/4.2/psoc creator/import/gnu/arm/5.4.1/bin/../lib/gcc/arm-none-eabi/5.4.1/../../../../arm-none-eabi/lib/armv7-m\libg_nano.a(lib_a-nano-vfprintf_i.o)
                0x00001b4c                . = ALIGN (0x4)
 *fill*         0x00001b49        0x3 
 *(.init)
 .init          0x00001b4c        0x4 c:/program files (x86)/cypress/psoc creator/4.2/psoc creator/import/gnu/arm/5.4.1/bin/../lib/gcc/arm-none-eabi/5.4.1/armv7-m/crti.o
                0x00001b4c                _init
 .init          0x00001b50        0x8 c:/program files (x86)/cypress/psoc creator/4.2/psoc creator/import/gnu/arm/5.4.1/bin/../lib/gcc/arm-none-eabi/5.4.1/armv7-m/crtn.o
                0x00001b58                . = ALIGN (0x4)
                0x00001b58                __preinit_array_start = .
 *(.preinit_array)
                0x00001b58                __preinit_array_end = .
                0x00001b58                . = ALIGN (0x4)
                0x00001b58                __init_array_start = .
 *(SORT(.init_array.*))
 *(.init_array)
 .init_array    0x00001b58        0x4 c:/program files (x86)/cypress/psoc creator/4.2/psoc creator/import/gnu/arm/5.4.1/bin/../lib/gcc/arm-none-eabi/5.4.1/armv7-m/crtbegin.o
 .init_array    0x00001b5c        0x4 .\CortexM3\ARM_GCC_541\Debug\Cm3Start.o
                0x00001b60                __init_array_end = .
                0x00001b60                . = ALIGN (0x4)
 *(.fini)
 .fini          0x00001b60        0x4 c:/program files (x86)/cypress/psoc creator/4.2/psoc creator/import/gnu/arm/5.4.1/bin/../lib/gcc/arm-none-eabi/5.4.1/armv7-m/crti.o
                0x00001b60                _fini
 .fini          0x00001b64        0x8 c:/program files (x86)/cypress/psoc creator/4.2/psoc creator/import/gnu/arm/5.4.1/bin/../lib/gcc/arm-none-eabi/5.4.1/armv7-m/crtn.o
                0x00001b6c                . = ALIGN (0x4)
                0x00001b6c                __fini_array_start = .
 *(.fini_array)
 .fini_array    0x00001b6c        0x4 c:/program files (x86)/cypress/psoc creator/4.2/psoc creator/import/gnu/arm/5.4.1/bin/../lib/gcc/arm-none-eabi/5.4.1/armv7-m/crtbegin.o
 *(SORT(.fini_array.*))
                0x00001b70                __fini_array_end = .
                0x00001b70                . = ALIGN (0x4)
 *crtbegin.o(.ctors)
 *(EXCLUDE_FILE(*crtend.o) .ctors)
 *(SORT(.ctors.*))
 *crtend.o(.ctors)
                0x00001b70                . = ALIGN (0x4)
 *crtbegin.o(.dtors)
 *(EXCLUDE_FILE(*crtend.o) .dtors)
 *(SORT(.dtors.*))
 *crtend.o(.dtors)
                0x00001b70                . = ALIGN (0x4)
                0x00001b70                __cy_regions = .
                0x00001b70        0x4 LONG 0x1b80 __cy_region_init_ram
                0x00001b74        0x4 LONG 0x1fff80c8 __cy_region_start_data
                0x00001b78        0x4 LONG 0x80 __cy_region_init_size_ram
                0x00001b7c        0x4 LONG 0x50 __cy_region_zero_size_ram
                0x00001b80                __cy_regions_end = .
                0x00001b80                . = ALIGN (0x8)
                0x00001b80                _etext = .

.cy_checksum_exclude
                0x00001b80        0x0
 *(.cy_checksum_exclude)

.ramvectors     0x1fff8000       0xc0
                0x1fff8000                __cy_region_start_ram = .
 *(.ramvectors)
 .ramvectors    0x1fff8000       0xc0 .\CortexM3\ARM_GCC_541\Debug\Cm3Start.o
                0x1fff8000                CyRamVectors

.noinit         0x1fff80c0        0x1
 *(.noinit)
 .noinit        0x1fff80c0        0x1 .\CortexM3\ARM_GCC_541\Debug\EMILA.a(CyLib.o)
                0x1fff80c0                CyResetStatus

.data           0x1fff80c8       0x80 load address 0x00001b80
                0x1fff80c8                __cy_region_start_data = .
 *(.jcr)
 .jcr           0x1fff80c8        0x0 c:/program files (x86)/cypress/psoc creator/4.2/psoc creator/import/gnu/arm/5.4.1/bin/../lib/gcc/arm-none-eabi/5.4.1/armv7-m/crtbegin.o
 .jcr           0x1fff80c8        0x4 c:/program files (x86)/cypress/psoc creator/4.2/psoc creator/import/gnu/arm/5.4.1/bin/../lib/gcc/arm-none-eabi/5.4.1/armv7-m/crtend.o
 *(.got.plt)
 *(.got)
 *(.shdata)
 *(.data .data.* .gnu.linkonce.d.*)
 .data          0x1fff80cc        0x4 .\CortexM3\ARM_GCC_541\Debug\Cm3Start.o
 .data          0x1fff80d0       0x10 .\CortexM3\ARM_GCC_541\Debug\EMILA.a(CyLib.o)
                0x1fff80d0                cydelay_32k_ms
                0x1fff80d4                cydelay_freq_khz
                0x1fff80d8                cydelay_freq_mhz
                0x1fff80dc                cydelay_freq_hz
 .data.impure_data
                0x1fff80e0       0x60 c:/program files (x86)/cypress/psoc creator/4.2/psoc creator/import/gnu/arm/5.4.1/bin/../lib/gcc/arm-none-eabi/5.4.1/../../../../arm-none-eabi/lib/armv7-m\libg_nano.a(lib_a-impure.o)
 .data._impure_ptr
                0x1fff8140        0x4 c:/program files (x86)/cypress/psoc creator/4.2/psoc creator/import/gnu/arm/5.4.1/bin/../lib/gcc/arm-none-eabi/5.4.1/../../../../arm-none-eabi/lib/armv7-m\libg_nano.a(lib_a-impure.o)
                0x1fff8140                _impure_ptr
                0x1fff8148                . = ALIGN (0x8)
 *fill*         0x1fff8144        0x4 
 *(.ram)
                0x1fff8148                _edata = .

.igot.plt       0x1fff8148        0x0 load address 0x00001c00
 .igot.plt      0x1fff8148        0x0 c:/program files (x86)/cypress/psoc creator/4.2/psoc creator/import/gnu/arm/5.4.1/bin/../lib/gcc/arm-none-eabi/5.4.1/armv7-m/crtbegin.o

.bss            0x1fff8148       0x50 load address 0x00001c00
                0x1fff8148                PROVIDE (__bss_start__, .)
 *(.shbss)
 *(.bss .bss.* .gnu.linkonce.b.*)
 .bss           0x1fff8148       0x1c c:/program files (x86)/cypress/psoc creator/4.2/psoc creator/import/gnu/arm/5.4.1/bin/../lib/gcc/arm-none-eabi/5.4.1/armv7-m/crtbegin.o
 .bss           0x1fff8164        0xd .\CortexM3\ARM_GCC_541\Debug\main.o
                0x1fff8164                ContinuouslySendData
                0x1fff8168                ms_count
                0x1fff816c                sigGesture
                0x1fff816d                clenchGesture
                0x1fff816e                spideyGesture
                0x1fff816f                neutralGesture
                0x1fff8170                SendSingleByte
 .bss           0x1fff8171        0x2 .\CortexM3\ARM_GCC_541\Debug\EMILA.a(UART_1.o)
                0x1fff8171                UART_1_initVar
 .bss           0x1fff8173        0x1 .\CortexM3\ARM_GCC_541\Debug\EMILA.a(ADC_SAR_1.o)
                0x1fff8173                ADC_SAR_1_initVar
 .bss           0x1fff8174        0x1 .\CortexM3\ARM_GCC_541\Debug\EMILA.a(PWM_1.o)
                0x1fff8174                PWM_1_initVar
 .bss           0x1fff8175        0x1 .\CortexM3\ARM_GCC_541\Debug\EMILA.a(PWM_2.o)
                0x1fff8175                PWM_2_initVar
 .bss           0x1fff8176        0x1 .\CortexM3\ARM_GCC_541\Debug\EMILA.a(PWM_3.o)
                0x1fff8176                PWM_3_initVar
 .bss           0x1fff8177        0x1 .\CortexM3\ARM_GCC_541\Debug\EMILA.a(PWM_4.o)
                0x1fff8177                PWM_4_initVar
 .bss           0x1fff8178        0x1 .\CortexM3\ARM_GCC_541\Debug\EMILA.a(PWM_5.o)
                0x1fff8178                PWM_5_initVar
 .bss           0x1fff8179        0x1 .\CortexM3\ARM_GCC_541\Debug\EMILA.a(Timer_1.o)
                0x1fff8179                Timer_1_initVar
 .bss           0x1fff817a        0x1 .\CortexM3\ARM_GCC_541\Debug\EMILA.a(Timer_2.o)
                0x1fff817a                Timer_2_initVar
 *fill*         0x1fff817b        0x1 
 .bss.__malloc_sbrk_start
                0x1fff817c        0x4 c:/program files (x86)/cypress/psoc creator/4.2/psoc creator/import/gnu/arm/5.4.1/bin/../lib/gcc/arm-none-eabi/5.4.1/../../../../arm-none-eabi/lib/armv7-m\libg_nano.a(lib_a-nano-mallocr.o)
                0x1fff817c                __malloc_sbrk_start
 .bss.__malloc_free_list
                0x1fff8180        0x4 c:/program files (x86)/cypress/psoc creator/4.2/psoc creator/import/gnu/arm/5.4.1/bin/../lib/gcc/arm-none-eabi/5.4.1/../../../../arm-none-eabi/lib/armv7-m\libg_nano.a(lib_a-nano-mallocr.o)
                0x1fff8180                __malloc_free_list
 *(COMMON)
 COMMON         0x1fff8184        0xa .\CortexM3\ARM_GCC_541\Debug\EMILA.a(ADC_SAR_1.o)
                0x1fff8184                ADC_SAR_1_countsPerVolt
                0x1fff8186                ADC_SAR_1_shift
                0x1fff8188                ADC_SAR_1_countsPer10Volt
                0x1fff818c                ADC_SAR_1_offset
 *fill*         0x1fff818e        0x2 
 COMMON         0x1fff8190        0x4 c:/program files (x86)/cypress/psoc creator/4.2/psoc creator/import/gnu/arm/5.4.1/bin/../lib/gcc/arm-none-eabi/5.4.1/../../../../arm-none-eabi/lib/armv7-m\libg_nano.a(lib_a-reent.o)
                0x1fff8190                errno
                0x1fff8198                . = ALIGN (0x8)
 *fill*         0x1fff8194        0x4 
 *(.ram.b)
                0x1fff8198                _end = .
                0x1fff8198                __end = .
                0x1fff8198                PROVIDE (end, .)
                0x1fff8198                PROVIDE (__bss_end__, .)
                0x00001b80                __cy_region_init_ram = LOADADDR (.data)
                0x00000080                __cy_region_init_size_ram = (_edata - ADDR (.data))
                0x00000050                __cy_region_zero_size_ram = (_end - _edata)

.heap           0x1fff8198       0x80 load address 0x00001c00
                0x1fff8198                . = _end
                0x1fff8218                . = (. + 0x80)
 *fill*         0x1fff8198       0x80 
                0x1fff8218                __cy_heap_limit = .

.stack          0x20007800      0x800
                0x20007800                __cy_stack_limit = .
                0x20008000                . = (. + 0x800)
 *fill*         0x20007800      0x800 
                0x00000001                ASSERT ((__cy_stack_limit >= __cy_heap_limit), region RAM overflowed with stack)
                0x00000000                cy_checksum_exclude_size = (CY_APPL_LOADABLE == 0x1)?SIZEOF (.cy_checksum_exclude):0x0
                0x00000001                ASSERT ((cy_checksum_exclude_size <= CY_CHECKSUM_EXCLUDE_SIZE), CY_BOOT: Section .cy_checksum_exclude size exceedes specified limit.)

.cyloadermeta
 *(.cyloadermeta)

.cyloadablemeta
 *(.cyloadablemeta)

.cyconfigecc    0x80000000      0x8ac
 *(.cyconfigecc)
 .cyconfigecc   0x80000000      0x8ac .\CortexM3\ARM_GCC_541\Debug\cymetadata.o
                0x80000000                cy_meta_configecc

.cycustnvl      0x90000000        0x4
 *(.cycustnvl)
 .cycustnvl     0x90000000        0x4 .\CortexM3\ARM_GCC_541\Debug\cymetadata.o
                0x90000000                cy_meta_custnvl

.cywolatch      0x90100000        0x4
 *(.cywolatch)
 .cywolatch     0x90100000        0x4 .\CortexM3\ARM_GCC_541\Debug\cymetadata.o
                0x90100000                cy_meta_wonvl

.cyeeprom       0x90200000        0x0
 *(.cyeeprom)
                0x00000001                ASSERT ((. <= ((0x90200000 + ee_offset) + ee_size)), .cyeeprom data will not fit in EEPROM)

.cyflashprotect
                0x90400000      0x100
 *(.cyflashprotect)
 .cyflashprotect
                0x90400000      0x100 .\CortexM3\ARM_GCC_541\Debug\cymetadata.o
                0x90400000                cy_meta_flashprotect

.cymeta         0x90500000        0xc
 *(.cymeta)
 .cymeta        0x90500000        0xc .\CortexM3\ARM_GCC_541\Debug\cymetadata.o
                0x90500000                cy_metadata

.rel.dyn        0x00001c00        0x0 load address 0x9050000c
 .rel.iplt      0x00001c00        0x0 c:/program files (x86)/cypress/psoc creator/4.2/psoc creator/import/gnu/arm/5.4.1/bin/../lib/gcc/arm-none-eabi/5.4.1/armv7-m/crtbegin.o

.stab
 *(.stab)

.stabstr
 *(.stabstr)

.debug
 *(.debug)

.line
 *(.line)

.debug_srcinfo
 *(.debug_srcinfo)

.debug_sfnames
 *(.debug_sfnames)

.debug_aranges  0x00000000      0xcf8
 *(.debug_aranges)
 .debug_aranges
                0x00000000       0x30 .\CortexM3\ARM_GCC_541\Debug\main.o
 .debug_aranges
                0x00000030       0x58 .\CortexM3\ARM_GCC_541\Debug\cyfitter_cfg.o
 .debug_aranges
                0x00000088       0x18 .\CortexM3\ARM_GCC_541\Debug\cymetadata.o
 .debug_aranges
                0x000000a0       0x48 .\CortexM3\ARM_GCC_541\Debug\Cm3Start.o
 .debug_aranges
                0x000000e8       0xf0 .\CortexM3\ARM_GCC_541\Debug\EMILA.a(UART_1.o)
 .debug_aranges
                0x000001d8       0x70 .\CortexM3\ARM_GCC_541\Debug\EMILA.a(UART_1_IntClock.o)
 .debug_aranges
                0x00000248      0x2a0 .\CortexM3\ARM_GCC_541\Debug\EMILA.a(CyLib.o)
 .debug_aranges
                0x000004e8       0x98 .\CortexM3\ARM_GCC_541\Debug\EMILA.a(cyPm.o)
 .debug_aranges
                0x00000580       0xa8 .\CortexM3\ARM_GCC_541\Debug\EMILA.a(ADC_SAR_1.o)
 .debug_aranges
                0x00000628       0x20 .\CortexM3\ARM_GCC_541\Debug\EMILA.a(ADC_SAR_1_INT.o)
 .debug_aranges
                0x00000648       0x80 .\CortexM3\ARM_GCC_541\Debug\EMILA.a(ADC_SAR_1_theACLK.o)
 .debug_aranges
                0x000006c8       0x98 .\CortexM3\ARM_GCC_541\Debug\EMILA.a(PWM_1.o)
 .debug_aranges
                0x00000760       0x98 .\CortexM3\ARM_GCC_541\Debug\EMILA.a(PWM_2.o)
 .debug_aranges
                0x000007f8       0x98 .\CortexM3\ARM_GCC_541\Debug\EMILA.a(PWM_3.o)
 .debug_aranges
                0x00000890       0x98 .\CortexM3\ARM_GCC_541\Debug\EMILA.a(PWM_4.o)
 .debug_aranges
                0x00000928       0x98 .\CortexM3\ARM_GCC_541\Debug\EMILA.a(PWM_5.o)
 .debug_aranges
                0x000009c0       0x88 .\CortexM3\ARM_GCC_541\Debug\EMILA.a(Timer_1.o)
 .debug_aranges
                0x00000a48       0x80 .\CortexM3\ARM_GCC_541\Debug\EMILA.a(ISR_VERIFY.o)
 .debug_aranges
                0x00000ac8       0x88 .\CortexM3\ARM_GCC_541\Debug\EMILA.a(Timer_2.o)
 .debug_aranges
                0x00000b50       0x80 .\CortexM3\ARM_GCC_541\Debug\EMILA.a(ISR_SAMPLE.o)
 .debug_aranges
                0x00000bd0       0x20 .\CortexM3\ARM_GCC_541\Debug\EMILA.a(CyBootAsmGnu.o)
 .debug_aranges
                0x00000bf0       0x88 .\CortexM3\ARM_GCC_541\Debug\EMILA.a(CyFlash.o)
 .debug_aranges
                0x00000c78       0x80 .\CortexM3\ARM_GCC_541\Debug\EMILA.a(CySpc.o)

.debug_pubnames
 *(.debug_pubnames)

.debug_info     0x00000000     0x6760
 *(.debug_info .gnu.linkonce.wi.*)
 .debug_info    0x00000000      0x629 .\CortexM3\ARM_GCC_541\Debug\main.o
 .debug_info    0x00000629      0x572 .\CortexM3\ARM_GCC_541\Debug\cyfitter_cfg.o
 .debug_info    0x00000b9b      0x139 .\CortexM3\ARM_GCC_541\Debug\cymetadata.o
 .debug_info    0x00000cd4      0x3bb .\CortexM3\ARM_GCC_541\Debug\Cm3Start.o
 .debug_info    0x0000108f      0x60c .\CortexM3\ARM_GCC_541\Debug\EMILA.a(UART_1.o)
 .debug_info    0x0000169b      0x283 .\CortexM3\ARM_GCC_541\Debug\EMILA.a(UART_1_IntClock.o)
 .debug_info    0x0000191e     0x1374 .\CortexM3\ARM_GCC_541\Debug\EMILA.a(CyLib.o)
 .debug_info    0x00002c92      0xa2a .\CortexM3\ARM_GCC_541\Debug\EMILA.a(cyPm.o)
 .debug_info    0x000036bc      0x5c0 .\CortexM3\ARM_GCC_541\Debug\EMILA.a(ADC_SAR_1.o)
 .debug_info    0x00003c7c       0x92 .\CortexM3\ARM_GCC_541\Debug\EMILA.a(ADC_SAR_1_INT.o)
 .debug_info    0x00003d0e      0x2c4 .\CortexM3\ARM_GCC_541\Debug\EMILA.a(ADC_SAR_1_theACLK.o)
 .debug_info    0x00003fd2      0x352 .\CortexM3\ARM_GCC_541\Debug\EMILA.a(PWM_1.o)
 .debug_info    0x00004324      0x352 .\CortexM3\ARM_GCC_541\Debug\EMILA.a(PWM_2.o)
 .debug_info    0x00004676      0x352 .\CortexM3\ARM_GCC_541\Debug\EMILA.a(PWM_3.o)
 .debug_info    0x000049c8      0x352 .\CortexM3\ARM_GCC_541\Debug\EMILA.a(PWM_4.o)
 .debug_info    0x00004d1a      0x352 .\CortexM3\ARM_GCC_541\Debug\EMILA.a(PWM_5.o)
 .debug_info    0x0000506c      0x295 .\CortexM3\ARM_GCC_541\Debug\EMILA.a(Timer_1.o)
 .debug_info    0x00005301      0x2d2 .\CortexM3\ARM_GCC_541\Debug\EMILA.a(ISR_VERIFY.o)
 .debug_info    0x000055d3      0x295 .\CortexM3\ARM_GCC_541\Debug\EMILA.a(Timer_2.o)
 .debug_info    0x00005868      0x2d2 .\CortexM3\ARM_GCC_541\Debug\EMILA.a(ISR_SAMPLE.o)
 .debug_info    0x00005b3a       0x89 .\CortexM3\ARM_GCC_541\Debug\EMILA.a(CyBootAsmGnu.o)
 .debug_info    0x00005bc3      0x64d .\CortexM3\ARM_GCC_541\Debug\EMILA.a(CyFlash.o)
 .debug_info    0x00006210      0x550 .\CortexM3\ARM_GCC_541\Debug\EMILA.a(CySpc.o)

.debug_abbrev   0x00000000     0x1db3
 *(.debug_abbrev)
 .debug_abbrev  0x00000000      0x132 .\CortexM3\ARM_GCC_541\Debug\main.o
 .debug_abbrev  0x00000132      0x1fe .\CortexM3\ARM_GCC_541\Debug\cyfitter_cfg.o
 .debug_abbrev  0x00000330       0x77 .\CortexM3\ARM_GCC_541\Debug\cymetadata.o
 .debug_abbrev  0x000003a7      0x1e8 .\CortexM3\ARM_GCC_541\Debug\Cm3Start.o
 .debug_abbrev  0x0000058f      0x175 .\CortexM3\ARM_GCC_541\Debug\EMILA.a(UART_1.o)
 .debug_abbrev  0x00000704      0x139 .\CortexM3\ARM_GCC_541\Debug\EMILA.a(UART_1_IntClock.o)
 .debug_abbrev  0x0000083d      0x254 .\CortexM3\ARM_GCC_541\Debug\EMILA.a(CyLib.o)
 .debug_abbrev  0x00000a91      0x1ab .\CortexM3\ARM_GCC_541\Debug\EMILA.a(cyPm.o)
 .debug_abbrev  0x00000c3c      0x1ac .\CortexM3\ARM_GCC_541\Debug\EMILA.a(ADC_SAR_1.o)
 .debug_abbrev  0x00000de8       0x42 .\CortexM3\ARM_GCC_541\Debug\EMILA.a(ADC_SAR_1_INT.o)
 .debug_abbrev  0x00000e2a      0x121 .\CortexM3\ARM_GCC_541\Debug\EMILA.a(ADC_SAR_1_theACLK.o)
 .debug_abbrev  0x00000f4b      0x133 .\CortexM3\ARM_GCC_541\Debug\EMILA.a(PWM_1.o)
 .debug_abbrev  0x0000107e      0x133 .\CortexM3\ARM_GCC_541\Debug\EMILA.a(PWM_2.o)
 .debug_abbrev  0x000011b1      0x133 .\CortexM3\ARM_GCC_541\Debug\EMILA.a(PWM_3.o)
 .debug_abbrev  0x000012e4      0x133 .\CortexM3\ARM_GCC_541\Debug\EMILA.a(PWM_4.o)
 .debug_abbrev  0x00001417      0x133 .\CortexM3\ARM_GCC_541\Debug\EMILA.a(PWM_5.o)
 .debug_abbrev  0x0000154a      0x11a .\CortexM3\ARM_GCC_541\Debug\EMILA.a(Timer_1.o)
 .debug_abbrev  0x00001664      0x173 .\CortexM3\ARM_GCC_541\Debug\EMILA.a(ISR_VERIFY.o)
 .debug_abbrev  0x000017d7      0x11a .\CortexM3\ARM_GCC_541\Debug\EMILA.a(Timer_2.o)
 .debug_abbrev  0x000018f1      0x173 .\CortexM3\ARM_GCC_541\Debug\EMILA.a(ISR_SAMPLE.o)
 .debug_abbrev  0x00001a64       0x14 .\CortexM3\ARM_GCC_541\Debug\EMILA.a(CyBootAsmGnu.o)
 .debug_abbrev  0x00001a78      0x1a7 .\CortexM3\ARM_GCC_541\Debug\EMILA.a(CyFlash.o)
 .debug_abbrev  0x00001c1f      0x194 .\CortexM3\ARM_GCC_541\Debug\EMILA.a(CySpc.o)

.debug_line     0x00000000     0x2dce
 *(.debug_line)
 .debug_line    0x00000000      0x2fc .\CortexM3\ARM_GCC_541\Debug\main.o
 .debug_line    0x000002fc      0x1eb .\CortexM3\ARM_GCC_541\Debug\cyfitter_cfg.o
 .debug_line    0x000004e7      0x141 .\CortexM3\ARM_GCC_541\Debug\cymetadata.o
 .debug_line    0x00000628      0x234 .\CortexM3\ARM_GCC_541\Debug\Cm3Start.o
 .debug_line    0x0000085c      0x2c0 .\CortexM3\ARM_GCC_541\Debug\EMILA.a(UART_1.o)
 .debug_line    0x00000b1c      0x17e .\CortexM3\ARM_GCC_541\Debug\EMILA.a(UART_1_IntClock.o)
 .debug_line    0x00000c9a      0x816 .\CortexM3\ARM_GCC_541\Debug\EMILA.a(CyLib.o)
 .debug_line    0x000014b0      0x367 .\CortexM3\ARM_GCC_541\Debug\EMILA.a(cyPm.o)
 .debug_line    0x00001817      0x21e .\CortexM3\ARM_GCC_541\Debug\EMILA.a(ADC_SAR_1.o)
 .debug_line    0x00001a35       0x56 .\CortexM3\ARM_GCC_541\Debug\EMILA.a(ADC_SAR_1_INT.o)
 .debug_line    0x00001a8b      0x1a3 .\CortexM3\ARM_GCC_541\Debug\EMILA.a(ADC_SAR_1_theACLK.o)
 .debug_line    0x00001c2e      0x188 .\CortexM3\ARM_GCC_541\Debug\EMILA.a(PWM_1.o)
 .debug_line    0x00001db6      0x188 .\CortexM3\ARM_GCC_541\Debug\EMILA.a(PWM_2.o)
 .debug_line    0x00001f3e      0x188 .\CortexM3\ARM_GCC_541\Debug\EMILA.a(PWM_3.o)
 .debug_line    0x000020c6      0x188 .\CortexM3\ARM_GCC_541\Debug\EMILA.a(PWM_4.o)
 .debug_line    0x0000224e      0x188 .\CortexM3\ARM_GCC_541\Debug\EMILA.a(PWM_5.o)
 .debug_line    0x000023d6      0x155 .\CortexM3\ARM_GCC_541\Debug\EMILA.a(Timer_1.o)
 .debug_line    0x0000252b      0x137 .\CortexM3\ARM_GCC_541\Debug\EMILA.a(ISR_VERIFY.o)
 .debug_line    0x00002662      0x155 .\CortexM3\ARM_GCC_541\Debug\EMILA.a(Timer_2.o)
 .debug_line    0x000027b7      0x137 .\CortexM3\ARM_GCC_541\Debug\EMILA.a(ISR_SAMPLE.o)
 .debug_line    0x000028ee       0x66 .\CortexM3\ARM_GCC_541\Debug\EMILA.a(CyBootAsmGnu.o)
 .debug_line    0x00002954      0x21a .\CortexM3\ARM_GCC_541\Debug\EMILA.a(CyFlash.o)
 .debug_line    0x00002b6e      0x260 .\CortexM3\ARM_GCC_541\Debug\EMILA.a(CySpc.o)

.debug_frame    0x00000000     0x22dc
 *(.debug_frame)
 .debug_frame   0x00000000       0x64 .\CortexM3\ARM_GCC_541\Debug\main.o
 .debug_frame   0x00000064       0xfc .\CortexM3\ARM_GCC_541\Debug\cyfitter_cfg.o
 .debug_frame   0x00000160       0xb8 .\CortexM3\ARM_GCC_541\Debug\Cm3Start.o
 .debug_frame   0x00000218      0x250 .\CortexM3\ARM_GCC_541\Debug\EMILA.a(UART_1.o)
 .debug_frame   0x00000468       0xe0 .\CortexM3\ARM_GCC_541\Debug\EMILA.a(UART_1_IntClock.o)
 .debug_frame   0x00000548      0x738 .\CortexM3\ARM_GCC_541\Debug\EMILA.a(CyLib.o)
 .debug_frame   0x00000c80      0x1f8 .\CortexM3\ARM_GCC_541\Debug\EMILA.a(cyPm.o)
 .debug_frame   0x00000e78      0x1b4 .\CortexM3\ARM_GCC_541\Debug\EMILA.a(ADC_SAR_1.o)
 .debug_frame   0x0000102c       0x20 .\CortexM3\ARM_GCC_541\Debug\EMILA.a(ADC_SAR_1_INT.o)
 .debug_frame   0x0000104c      0x100 .\CortexM3\ARM_GCC_541\Debug\EMILA.a(ADC_SAR_1_theACLK.o)
 .debug_frame   0x0000114c      0x134 .\CortexM3\ARM_GCC_541\Debug\EMILA.a(PWM_1.o)
 .debug_frame   0x00001280      0x134 .\CortexM3\ARM_GCC_541\Debug\EMILA.a(PWM_2.o)
 .debug_frame   0x000013b4      0x134 .\CortexM3\ARM_GCC_541\Debug\EMILA.a(PWM_3.o)
 .debug_frame   0x000014e8      0x134 .\CortexM3\ARM_GCC_541\Debug\EMILA.a(PWM_4.o)
 .debug_frame   0x0000161c      0x134 .\CortexM3\ARM_GCC_541\Debug\EMILA.a(PWM_5.o)
 .debug_frame   0x00001750      0x108 .\CortexM3\ARM_GCC_541\Debug\EMILA.a(Timer_1.o)
 .debug_frame   0x00001858      0x104 .\CortexM3\ARM_GCC_541\Debug\EMILA.a(ISR_VERIFY.o)
 .debug_frame   0x0000195c      0x108 .\CortexM3\ARM_GCC_541\Debug\EMILA.a(Timer_2.o)
 .debug_frame   0x00001a64      0x104 .\CortexM3\ARM_GCC_541\Debug\EMILA.a(ISR_SAMPLE.o)
 .debug_frame   0x00001b68      0x194 .\CortexM3\ARM_GCC_541\Debug\EMILA.a(CyFlash.o)
 .debug_frame   0x00001cfc      0x180 .\CortexM3\ARM_GCC_541\Debug\EMILA.a(CySpc.o)
 .debug_frame   0x00001e7c       0x44 c:/program files (x86)/cypress/psoc creator/4.2/psoc creator/import/gnu/arm/5.4.1/bin/../lib/gcc/arm-none-eabi/5.4.1/armv7-m\libgcc.a(_aeabi_ldivmod.o)
 .debug_frame   0x00001ec0       0x38 c:/program files (x86)/cypress/psoc creator/4.2/psoc creator/import/gnu/arm/5.4.1/bin/../lib/gcc/arm-none-eabi/5.4.1/armv7-m\libgcc.a(_udivmoddi4.o)
 .debug_frame   0x00001ef8       0x20 c:/program files (x86)/cypress/psoc creator/4.2/psoc creator/import/gnu/arm/5.4.1/bin/../lib/gcc/arm-none-eabi/5.4.1/../../../../arm-none-eabi/lib/armv7-m\libg_nano.a(lib_a-errno.o)
 .debug_frame   0x00001f18       0x28 c:/program files (x86)/cypress/psoc creator/4.2/psoc creator/import/gnu/arm/5.4.1/bin/../lib/gcc/arm-none-eabi/5.4.1/../../../../arm-none-eabi/lib/armv7-m\libg_nano.a(lib_a-exit.o)
 .debug_frame   0x00001f40       0x2c c:/program files (x86)/cypress/psoc creator/4.2/psoc creator/import/gnu/arm/5.4.1/bin/../lib/gcc/arm-none-eabi/5.4.1/../../../../arm-none-eabi/lib/armv7-m\libg_nano.a(lib_a-init.o)
 .debug_frame   0x00001f6c       0x28 c:/program files (x86)/cypress/psoc creator/4.2/psoc creator/import/gnu/arm/5.4.1/bin/../lib/gcc/arm-none-eabi/5.4.1/../../../../arm-none-eabi/lib/armv7-m\libg_nano.a(lib_a-memcpy-stub.o)
 .debug_frame   0x00001f94       0x20 c:/program files (x86)/cypress/psoc creator/4.2/psoc creator/import/gnu/arm/5.4.1/bin/../lib/gcc/arm-none-eabi/5.4.1/../../../../arm-none-eabi/lib/armv7-m\libg_nano.a(lib_a-memset.o)
 .debug_frame   0x00001fb4       0x70 c:/program files (x86)/cypress/psoc creator/4.2/psoc creator/import/gnu/arm/5.4.1/bin/../lib/gcc/arm-none-eabi/5.4.1/../../../../arm-none-eabi/lib/armv7-m\libg_nano.a(lib_a-sprintf.o)
 .debug_frame   0x00002024       0x90 c:/program files (x86)/cypress/psoc creator/4.2/psoc creator/import/gnu/arm/5.4.1/bin/../lib/gcc/arm-none-eabi/5.4.1/../../../../arm-none-eabi/lib/armv7-m\libg_nano.a(lib_a-nano-svfprintf.o)
 .debug_frame   0x000020b4       0x60 c:/program files (x86)/cypress/psoc creator/4.2/psoc creator/import/gnu/arm/5.4.1/bin/../lib/gcc/arm-none-eabi/5.4.1/../../../../arm-none-eabi/lib/armv7-m\libg_nano.a(lib_a-nano-vfprintf_i.o)
 .debug_frame   0x00002114       0x28 c:/program files (x86)/cypress/psoc creator/4.2/psoc creator/import/gnu/arm/5.4.1/bin/../lib/gcc/arm-none-eabi/5.4.1/../../../../arm-none-eabi/lib/armv7-m\libg_nano.a(lib_a-memchr-stub.o)
 .debug_frame   0x0000213c       0x28 c:/program files (x86)/cypress/psoc creator/4.2/psoc creator/import/gnu/arm/5.4.1/bin/../lib/gcc/arm-none-eabi/5.4.1/../../../../arm-none-eabi/lib/armv7-m\libg_nano.a(lib_a-memmove.o)
 .debug_frame   0x00002164       0x38 c:/program files (x86)/cypress/psoc creator/4.2/psoc creator/import/gnu/arm/5.4.1/bin/../lib/gcc/arm-none-eabi/5.4.1/../../../../arm-none-eabi/lib/armv7-m\libg_nano.a(lib_a-nano-freer.o)
 .debug_frame   0x0000219c       0x2c c:/program files (x86)/cypress/psoc creator/4.2/psoc creator/import/gnu/arm/5.4.1/bin/../lib/gcc/arm-none-eabi/5.4.1/../../../../arm-none-eabi/lib/armv7-m\libg_nano.a(lib_a-nano-mallocr.o)
 .debug_frame   0x000021c8       0x3c c:/program files (x86)/cypress/psoc creator/4.2/psoc creator/import/gnu/arm/5.4.1/bin/../lib/gcc/arm-none-eabi/5.4.1/../../../../arm-none-eabi/lib/armv7-m\libg_nano.a(lib_a-nano-reallocr.o)
 .debug_frame   0x00002204       0x2c c:/program files (x86)/cypress/psoc creator/4.2/psoc creator/import/gnu/arm/5.4.1/bin/../lib/gcc/arm-none-eabi/5.4.1/../../../../arm-none-eabi/lib/armv7-m\libg_nano.a(lib_a-sbrkr.o)
 .debug_frame   0x00002230       0x30 c:/program files (x86)/cypress/psoc creator/4.2/psoc creator/import/gnu/arm/5.4.1/bin/../lib/gcc/arm-none-eabi/5.4.1/../../../../arm-none-eabi/lib/armv7-m\libg_nano.a(lib_a-mlock.o)
 .debug_frame   0x00002260       0x20 c:/program files (x86)/cypress/psoc creator/4.2/psoc creator/import/gnu/arm/5.4.1/bin/../lib/gcc/arm-none-eabi/5.4.1/../../../../arm-none-eabi/lib/armv7-m\libg_nano.a(lib_a-nano-msizer.o)
 .debug_frame   0x00002280       0x5c c:/program files (x86)/cypress/psoc creator/4.2/psoc creator/import/gnu/arm/5.4.1/bin/../lib/gcc/arm-none-eabi/5.4.1/../../../../arm-none-eabi/lib/armv7-m\libg_nano.a(lib_a-reent.o)

.debug_str      0x00000000     0x2872
 *(.debug_str)
 .debug_str     0x00000000      0x3a3 .\CortexM3\ARM_GCC_541\Debug\main.o
                                0x3eb (size before relaxing)
 .debug_str     0x000003a3      0x177 .\CortexM3\ARM_GCC_541\Debug\cyfitter_cfg.o
                                0x312 (size before relaxing)
 .debug_str     0x0000051a       0x7f .\CortexM3\ARM_GCC_541\Debug\cymetadata.o
                                0x1dd (size before relaxing)
 .debug_str     0x00000599      0x144 .\CortexM3\ARM_GCC_541\Debug\Cm3Start.o
                                0x303 (size before relaxing)
 .debug_str     0x000006dd      0x2d6 .\CortexM3\ARM_GCC_541\Debug\EMILA.a(UART_1.o)
                                0x4ac (size before relaxing)
 .debug_str     0x000009b3      0x19d .\CortexM3\ARM_GCC_541\Debug\EMILA.a(UART_1_IntClock.o)
                                0x347 (size before relaxing)
 .debug_str     0x00000b50      0x800 .\CortexM3\ARM_GCC_541\Debug\EMILA.a(CyLib.o)
                                0xa40 (size before relaxing)
 .debug_str     0x00001350      0x365 .\CortexM3\ARM_GCC_541\Debug\EMILA.a(cyPm.o)
                                0x72c (size before relaxing)
 .debug_str     0x000016b5      0x212 .\CortexM3\ARM_GCC_541\Debug\EMILA.a(ADC_SAR_1.o)
                                0x4b6 (size before relaxing)
 .debug_str     0x000018c7       0x35 .\CortexM3\ARM_GCC_541\Debug\EMILA.a(ADC_SAR_1_INT.o)
                                0x194 (size before relaxing)
 .debug_str     0x000018fc      0x1bc .\CortexM3\ARM_GCC_541\Debug\EMILA.a(ADC_SAR_1_theACLK.o)
                                0x3ae (size before relaxing)
 .debug_str     0x00001ab8      0x177 .\CortexM3\ARM_GCC_541\Debug\EMILA.a(PWM_1.o)
                                0x357 (size before relaxing)
 .debug_str     0x00001c2f      0x146 .\CortexM3\ARM_GCC_541\Debug\EMILA.a(PWM_2.o)
                                0x357 (size before relaxing)
 .debug_str     0x00001d75      0x146 .\CortexM3\ARM_GCC_541\Debug\EMILA.a(PWM_3.o)
                                0x357 (size before relaxing)
 .debug_str     0x00001ebb      0x146 .\CortexM3\ARM_GCC_541\Debug\EMILA.a(PWM_4.o)
                                0x357 (size before relaxing)
 .debug_str     0x00002001      0x146 .\CortexM3\ARM_GCC_541\Debug\EMILA.a(PWM_5.o)
                                0x357 (size before relaxing)
 .debug_str     0x00002147      0x14f .\CortexM3\ARM_GCC_541\Debug\EMILA.a(Timer_1.o)
                                0x30e (size before relaxing)
 .debug_str     0x00002296      0x119 .\CortexM3\ARM_GCC_541\Debug\EMILA.a(ISR_VERIFY.o)
                                0x2e5 (size before relaxing)
 .debug_str     0x000023af      0x143 .\CortexM3\ARM_GCC_541\Debug\EMILA.a(Timer_2.o)
                                0x30e (size before relaxing)
 .debug_str     0x000024f2      0x119 .\CortexM3\ARM_GCC_541\Debug\EMILA.a(ISR_SAMPLE.o)
                                0x2e5 (size before relaxing)
 .debug_str     0x0000260b      0x1bb .\CortexM3\ARM_GCC_541\Debug\EMILA.a(CyFlash.o)
                                0x3b9 (size before relaxing)
 .debug_str     0x000027c6       0xac .\CortexM3\ARM_GCC_541\Debug\EMILA.a(CySpc.o)
                                0x331 (size before relaxing)

.debug_loc      0x00000000     0x2311
 *(.debug_loc)
 .debug_loc     0x00000000       0x5b .\CortexM3\ARM_GCC_541\Debug\main.o
 .debug_loc     0x0000005b      0x1fd .\CortexM3\ARM_GCC_541\Debug\cyfitter_cfg.o
 .debug_loc     0x00000258      0x144 .\CortexM3\ARM_GCC_541\Debug\Cm3Start.o
 .debug_loc     0x0000039c      0x258 .\CortexM3\ARM_GCC_541\Debug\EMILA.a(UART_1.o)
 .debug_loc     0x000005f4      0x128 .\CortexM3\ARM_GCC_541\Debug\EMILA.a(UART_1_IntClock.o)
 .debug_loc     0x0000071c      0xa11 .\CortexM3\ARM_GCC_541\Debug\EMILA.a(CyLib.o)
 .debug_loc     0x0000112d      0x1e4 .\CortexM3\ARM_GCC_541\Debug\EMILA.a(cyPm.o)
 .debug_loc     0x00001311      0x292 .\CortexM3\ARM_GCC_541\Debug\EMILA.a(ADC_SAR_1.o)
 .debug_loc     0x000015a3      0x14d .\CortexM3\ARM_GCC_541\Debug\EMILA.a(ADC_SAR_1_theACLK.o)
 .debug_loc     0x000016f0       0x26 .\CortexM3\ARM_GCC_541\Debug\EMILA.a(PWM_1.o)
 .debug_loc     0x00001716       0x26 .\CortexM3\ARM_GCC_541\Debug\EMILA.a(PWM_2.o)
 .debug_loc     0x0000173c       0x26 .\CortexM3\ARM_GCC_541\Debug\EMILA.a(PWM_3.o)
 .debug_loc     0x00001762       0x26 .\CortexM3\ARM_GCC_541\Debug\EMILA.a(PWM_4.o)
 .debug_loc     0x00001788       0x26 .\CortexM3\ARM_GCC_541\Debug\EMILA.a(PWM_5.o)
 .debug_loc     0x000017ae       0x56 .\CortexM3\ARM_GCC_541\Debug\EMILA.a(ISR_VERIFY.o)
 .debug_loc     0x00001804       0x56 .\CortexM3\ARM_GCC_541\Debug\EMILA.a(ISR_SAMPLE.o)
 .debug_loc     0x0000185a      0x3b2 .\CortexM3\ARM_GCC_541\Debug\EMILA.a(CyFlash.o)
 .debug_loc     0x00001c0c      0x705 .\CortexM3\ARM_GCC_541\Debug\EMILA.a(CySpc.o)

.debug_macinfo
 *(.debug_macinfo)

.debug_ranges   0x00000000      0xb70
 *(.debug_ranges)
 .debug_ranges  0x00000000       0x20 .\CortexM3\ARM_GCC_541\Debug\main.o
 .debug_ranges  0x00000020       0x48 .\CortexM3\ARM_GCC_541\Debug\cyfitter_cfg.o
 .debug_ranges  0x00000068       0x38 .\CortexM3\ARM_GCC_541\Debug\Cm3Start.o
 .debug_ranges  0x000000a0       0xe0 .\CortexM3\ARM_GCC_541\Debug\EMILA.a(UART_1.o)
 .debug_ranges  0x00000180       0x60 .\CortexM3\ARM_GCC_541\Debug\EMILA.a(UART_1_IntClock.o)
 .debug_ranges  0x000001e0      0x290 .\CortexM3\ARM_GCC_541\Debug\EMILA.a(CyLib.o)
 .debug_ranges  0x00000470       0x88 .\CortexM3\ARM_GCC_541\Debug\EMILA.a(cyPm.o)
 .debug_ranges  0x000004f8       0x98 .\CortexM3\ARM_GCC_541\Debug\EMILA.a(ADC_SAR_1.o)
 .debug_ranges  0x00000590       0x10 .\CortexM3\ARM_GCC_541\Debug\EMILA.a(ADC_SAR_1_INT.o)
 .debug_ranges  0x000005a0       0x70 .\CortexM3\ARM_GCC_541\Debug\EMILA.a(ADC_SAR_1_theACLK.o)
 .debug_ranges  0x00000610       0x88 .\CortexM3\ARM_GCC_541\Debug\EMILA.a(PWM_1.o)
 .debug_ranges  0x00000698       0x88 .\CortexM3\ARM_GCC_541\Debug\EMILA.a(PWM_2.o)
 .debug_ranges  0x00000720       0x88 .\CortexM3\ARM_GCC_541\Debug\EMILA.a(PWM_3.o)
 .debug_ranges  0x000007a8       0x88 .\CortexM3\ARM_GCC_541\Debug\EMILA.a(PWM_4.o)
 .debug_ranges  0x00000830       0x88 .\CortexM3\ARM_GCC_541\Debug\EMILA.a(PWM_5.o)
 .debug_ranges  0x000008b8       0x78 .\CortexM3\ARM_GCC_541\Debug\EMILA.a(Timer_1.o)
 .debug_ranges  0x00000930       0x70 .\CortexM3\ARM_GCC_541\Debug\EMILA.a(ISR_VERIFY.o)
 .debug_ranges  0x000009a0       0x78 .\CortexM3\ARM_GCC_541\Debug\EMILA.a(Timer_2.o)
 .debug_ranges  0x00000a18       0x70 .\CortexM3\ARM_GCC_541\Debug\EMILA.a(ISR_SAMPLE.o)
 .debug_ranges  0x00000a88       0x78 .\CortexM3\ARM_GCC_541\Debug\EMILA.a(CyFlash.o)
 .debug_ranges  0x00000b00       0x70 .\CortexM3\ARM_GCC_541\Debug\EMILA.a(CySpc.o)

.comment        0x00000000       0x6e
 .comment       0x00000000       0x6e .\CortexM3\ARM_GCC_541\Debug\main.o
                                 0x6f (size before relaxing)
 .comment       0x0000006e       0x6f .\CortexM3\ARM_GCC_541\Debug\cyfitter_cfg.o
 .comment       0x0000006e       0x6f .\CortexM3\ARM_GCC_541\Debug\cymetadata.o
 .comment       0x0000006e       0x6f .\CortexM3\ARM_GCC_541\Debug\Cm3Start.o
 .comment       0x0000006e       0x6f .\CortexM3\ARM_GCC_541\Debug\EMILA.a(UART_1.o)
 .comment       0x0000006e       0x6f .\CortexM3\ARM_GCC_541\Debug\EMILA.a(UART_1_IntClock.o)
 .comment       0x0000006e       0x6f .\CortexM3\ARM_GCC_541\Debug\EMILA.a(CyLib.o)
 .comment       0x0000006e       0x6f .\CortexM3\ARM_GCC_541\Debug\EMILA.a(cyPm.o)
 .comment       0x0000006e       0x6f .\CortexM3\ARM_GCC_541\Debug\EMILA.a(ADC_SAR_1.o)
 .comment       0x0000006e       0x6f .\CortexM3\ARM_GCC_541\Debug\EMILA.a(ADC_SAR_1_INT.o)
 .comment       0x0000006e       0x6f .\CortexM3\ARM_GCC_541\Debug\EMILA.a(ADC_SAR_1_theACLK.o)
 .comment       0x0000006e       0x6f .\CortexM3\ARM_GCC_541\Debug\EMILA.a(PWM_1.o)
 .comment       0x0000006e       0x6f .\CortexM3\ARM_GCC_541\Debug\EMILA.a(PWM_2.o)
 .comment       0x0000006e       0x6f .\CortexM3\ARM_GCC_541\Debug\EMILA.a(PWM_3.o)
 .comment       0x0000006e       0x6f .\CortexM3\ARM_GCC_541\Debug\EMILA.a(PWM_4.o)
 .comment       0x0000006e       0x6f .\CortexM3\ARM_GCC_541\Debug\EMILA.a(PWM_5.o)
 .comment       0x0000006e       0x6f .\CortexM3\ARM_GCC_541\Debug\EMILA.a(Timer_1.o)
 .comment       0x0000006e       0x6f .\CortexM3\ARM_GCC_541\Debug\EMILA.a(ISR_VERIFY.o)
 .comment       0x0000006e       0x6f .\CortexM3\ARM_GCC_541\Debug\EMILA.a(Timer_2.o)
 .comment       0x0000006e       0x6f .\CortexM3\ARM_GCC_541\Debug\EMILA.a(ISR_SAMPLE.o)
 .comment       0x0000006e       0x6f .\CortexM3\ARM_GCC_541\Debug\EMILA.a(CyFlash.o)
 .comment       0x0000006e       0x6f .\CortexM3\ARM_GCC_541\Debug\EMILA.a(CySpc.o)

.debug_weaknames
 *(.debug_weaknames)

.debug_funcnames
 *(.debug_funcnames)

.debug_typenames
 *(.debug_typenames)

.debug_varnames
 *(.debug_varnames)

.note.gnu.arm.ident
 *(.note.gnu.arm.ident)

.ARM.attributes
                0x00000000       0x29
 *(.ARM.attributes)
 .ARM.attributes
                0x00000000       0x1d c:/program files (x86)/cypress/psoc creator/4.2/psoc creator/import/gnu/arm/5.4.1/bin/../lib/gcc/arm-none-eabi/5.4.1/armv7-m/crti.o
 .ARM.attributes
                0x0000001d       0x2d c:/program files (x86)/cypress/psoc creator/4.2/psoc creator/import/gnu/arm/5.4.1/bin/../lib/gcc/arm-none-eabi/5.4.1/armv7-m/crtbegin.o
 .ARM.attributes
                0x0000004a       0x1b c:/program files (x86)/cypress/psoc creator/4.2/psoc creator/import/gnu/arm/5.4.1/bin/../lib/gcc/arm-none-eabi/5.4.1/../../../../arm-none-eabi/lib/armv7-m/crt0.o
 .ARM.attributes
                0x00000065       0x33 .\CortexM3\ARM_GCC_541\Debug\main.o
 .ARM.attributes
                0x00000098       0x33 .\CortexM3\ARM_GCC_541\Debug\cyfitter_cfg.o
 .ARM.attributes
                0x000000cb       0x33 .\CortexM3\ARM_GCC_541\Debug\cymetadata.o
 .ARM.attributes
                0x000000fe       0x33 .\CortexM3\ARM_GCC_541\Debug\Cm3Start.o
 .ARM.attributes
                0x00000131       0x33 .\CortexM3\ARM_GCC_541\Debug\EMILA.a(UART_1.o)
 .ARM.attributes
                0x00000164       0x33 .\CortexM3\ARM_GCC_541\Debug\EMILA.a(UART_1_IntClock.o)
 .ARM.attributes
                0x00000197       0x33 .\CortexM3\ARM_GCC_541\Debug\EMILA.a(CyLib.o)
 .ARM.attributes
                0x000001ca       0x33 .\CortexM3\ARM_GCC_541\Debug\EMILA.a(cyPm.o)
 .ARM.attributes
                0x000001fd       0x33 .\CortexM3\ARM_GCC_541\Debug\EMILA.a(ADC_SAR_1.o)
 .ARM.attributes
                0x00000230       0x33 .\CortexM3\ARM_GCC_541\Debug\EMILA.a(ADC_SAR_1_INT.o)
 .ARM.attributes
                0x00000263       0x33 .\CortexM3\ARM_GCC_541\Debug\EMILA.a(ADC_SAR_1_theACLK.o)
 .ARM.attributes
                0x00000296       0x33 .\CortexM3\ARM_GCC_541\Debug\EMILA.a(PWM_1.o)
 .ARM.attributes
                0x000002c9       0x33 .\CortexM3\ARM_GCC_541\Debug\EMILA.a(PWM_2.o)
 .ARM.attributes
                0x000002fc       0x33 .\CortexM3\ARM_GCC_541\Debug\EMILA.a(PWM_3.o)
 .ARM.attributes
                0x0000032f       0x33 .\CortexM3\ARM_GCC_541\Debug\EMILA.a(PWM_4.o)
 .ARM.attributes
                0x00000362       0x33 .\CortexM3\ARM_GCC_541\Debug\EMILA.a(PWM_5.o)
 .ARM.attributes
                0x00000395       0x33 .\CortexM3\ARM_GCC_541\Debug\EMILA.a(Timer_1.o)
 .ARM.attributes
                0x000003c8       0x33 .\CortexM3\ARM_GCC_541\Debug\EMILA.a(ISR_VERIFY.o)
 .ARM.attributes
                0x000003fb       0x33 .\CortexM3\ARM_GCC_541\Debug\EMILA.a(Timer_2.o)
 .ARM.attributes
                0x0000042e       0x33 .\CortexM3\ARM_GCC_541\Debug\EMILA.a(ISR_SAMPLE.o)
 .ARM.attributes
                0x00000461       0x21 .\CortexM3\ARM_GCC_541\Debug\EMILA.a(CyBootAsmGnu.o)
 .ARM.attributes
                0x00000482       0x33 .\CortexM3\ARM_GCC_541\Debug\EMILA.a(CyFlash.o)
 .ARM.attributes
                0x000004b5       0x33 .\CortexM3\ARM_GCC_541\Debug\EMILA.a(CySpc.o)
 .ARM.attributes
                0x000004e8       0x1d c:/program files (x86)/cypress/psoc creator/4.2/psoc creator/import/gnu/arm/5.4.1/bin/../lib/gcc/arm-none-eabi/5.4.1/armv7-m\libgcc.a(_arm_addsubsf3.o)
 .ARM.attributes
                0x00000505       0x1d c:/program files (x86)/cypress/psoc creator/4.2/psoc creator/import/gnu/arm/5.4.1/bin/../lib/gcc/arm-none-eabi/5.4.1/armv7-m\libgcc.a(_arm_muldivsf3.o)
 .ARM.attributes
                0x00000522       0x1d c:/program files (x86)/cypress/psoc creator/4.2/psoc creator/import/gnu/arm/5.4.1/bin/../lib/gcc/arm-none-eabi/5.4.1/armv7-m\libgcc.a(_aeabi_ldivmod.o)
 .ARM.attributes
                0x0000053f       0x2d c:/program files (x86)/cypress/psoc creator/4.2/psoc creator/import/gnu/arm/5.4.1/bin/../lib/gcc/arm-none-eabi/5.4.1/armv7-m\libgcc.a(_udivmoddi4.o)
 .ARM.attributes
                0x0000056c       0x1d c:/program files (x86)/cypress/psoc creator/4.2/psoc creator/import/gnu/arm/5.4.1/bin/../lib/gcc/arm-none-eabi/5.4.1/armv7-m\libgcc.a(_dvmd_tls.o)
 .ARM.attributes
                0x00000589       0x2d c:/program files (x86)/cypress/psoc creator/4.2/psoc creator/import/gnu/arm/5.4.1/bin/../lib/gcc/arm-none-eabi/5.4.1/../../../../arm-none-eabi/lib/armv7-m\libg_nano.a(lib_a-errno.o)
 .ARM.attributes
                0x000005b6       0x2d c:/program files (x86)/cypress/psoc creator/4.2/psoc creator/import/gnu/arm/5.4.1/bin/../lib/gcc/arm-none-eabi/5.4.1/../../../../arm-none-eabi/lib/armv7-m\libg_nano.a(lib_a-exit.o)
 .ARM.attributes
                0x000005e3       0x2d c:/program files (x86)/cypress/psoc creator/4.2/psoc creator/import/gnu/arm/5.4.1/bin/../lib/gcc/arm-none-eabi/5.4.1/../../../../arm-none-eabi/lib/armv7-m\libg_nano.a(lib_a-impure.o)
 .ARM.attributes
                0x00000610       0x2d c:/program files (x86)/cypress/psoc creator/4.2/psoc creator/import/gnu/arm/5.4.1/bin/../lib/gcc/arm-none-eabi/5.4.1/../../../../arm-none-eabi/lib/armv7-m\libg_nano.a(lib_a-init.o)
 .ARM.attributes
                0x0000063d       0x2d c:/program files (x86)/cypress/psoc creator/4.2/psoc creator/import/gnu/arm/5.4.1/bin/../lib/gcc/arm-none-eabi/5.4.1/../../../../arm-none-eabi/lib/armv7-m\libg_nano.a(lib_a-memcpy-stub.o)
 .ARM.attributes
                0x0000066a       0x2d c:/program files (x86)/cypress/psoc creator/4.2/psoc creator/import/gnu/arm/5.4.1/bin/../lib/gcc/arm-none-eabi/5.4.1/../../../../arm-none-eabi/lib/armv7-m\libg_nano.a(lib_a-memset.o)
 .ARM.attributes
                0x00000697       0x2d c:/program files (x86)/cypress/psoc creator/4.2/psoc creator/import/gnu/arm/5.4.1/bin/../lib/gcc/arm-none-eabi/5.4.1/../../../../arm-none-eabi/lib/armv7-m\libg_nano.a(lib_a-sprintf.o)
 .ARM.attributes
                0x000006c4       0x2d c:/program files (x86)/cypress/psoc creator/4.2/psoc creator/import/gnu/arm/5.4.1/bin/../lib/gcc/arm-none-eabi/5.4.1/../../../../arm-none-eabi/lib/armv7-m\libg_nano.a(lib_a-nano-svfprintf.o)
 .ARM.attributes
                0x000006f1       0x2d c:/program files (x86)/cypress/psoc creator/4.2/psoc creator/import/gnu/arm/5.4.1/bin/../lib/gcc/arm-none-eabi/5.4.1/../../../../arm-none-eabi/lib/armv7-m\libg_nano.a(lib_a-nano-vfprintf_i.o)
 .ARM.attributes
                0x0000071e       0x2d c:/program files (x86)/cypress/psoc creator/4.2/psoc creator/import/gnu/arm/5.4.1/bin/../lib/gcc/arm-none-eabi/5.4.1/../../../../arm-none-eabi/lib/armv7-m\libg_nano.a(lib_a-memchr-stub.o)
 .ARM.attributes
                0x0000074b       0x2d c:/program files (x86)/cypress/psoc creator/4.2/psoc creator/import/gnu/arm/5.4.1/bin/../lib/gcc/arm-none-eabi/5.4.1/../../../../arm-none-eabi/lib/armv7-m\libg_nano.a(lib_a-memmove.o)
 .ARM.attributes
                0x00000778       0x2d c:/program files (x86)/cypress/psoc creator/4.2/psoc creator/import/gnu/arm/5.4.1/bin/../lib/gcc/arm-none-eabi/5.4.1/../../../../arm-none-eabi/lib/armv7-m\libg_nano.a(lib_a-nano-freer.o)
 .ARM.attributes
                0x000007a5       0x2d c:/program files (x86)/cypress/psoc creator/4.2/psoc creator/import/gnu/arm/5.4.1/bin/../lib/gcc/arm-none-eabi/5.4.1/../../../../arm-none-eabi/lib/armv7-m\libg_nano.a(lib_a-nano-mallocr.o)
 .ARM.attributes
                0x000007d2       0x2d c:/program files (x86)/cypress/psoc creator/4.2/psoc creator/import/gnu/arm/5.4.1/bin/../lib/gcc/arm-none-eabi/5.4.1/../../../../arm-none-eabi/lib/armv7-m\libg_nano.a(lib_a-nano-reallocr.o)
 .ARM.attributes
                0x000007ff       0x2d c:/program files (x86)/cypress/psoc creator/4.2/psoc creator/import/gnu/arm/5.4.1/bin/../lib/gcc/arm-none-eabi/5.4.1/../../../../arm-none-eabi/lib/armv7-m\libg_nano.a(lib_a-sbrkr.o)
 .ARM.attributes
                0x0000082c       0x2d c:/program files (x86)/cypress/psoc creator/4.2/psoc creator/import/gnu/arm/5.4.1/bin/../lib/gcc/arm-none-eabi/5.4.1/../../../../arm-none-eabi/lib/armv7-m\libg_nano.a(lib_a-mlock.o)
 .ARM.attributes
                0x00000859       0x2d c:/program files (x86)/cypress/psoc creator/4.2/psoc creator/import/gnu/arm/5.4.1/bin/../lib/gcc/arm-none-eabi/5.4.1/../../../../arm-none-eabi/lib/armv7-m\libg_nano.a(lib_a-nano-msizer.o)
 .ARM.attributes
                0x00000886       0x2d c:/program files (x86)/cypress/psoc creator/4.2/psoc creator/import/gnu/arm/5.4.1/bin/../lib/gcc/arm-none-eabi/5.4.1/../../../../arm-none-eabi/lib/armv7-m\libg_nano.a(lib_a-reent.o)
 .ARM.attributes
                0x000008b3       0x2d c:/program files (x86)/cypress/psoc creator/4.2/psoc creator/import/gnu/arm/5.4.1/bin/../lib/gcc/arm-none-eabi/5.4.1/armv7-m/crtend.o
 .ARM.attributes
                0x000008e0       0x1d c:/program files (x86)/cypress/psoc creator/4.2/psoc creator/import/gnu/arm/5.4.1/bin/../lib/gcc/arm-none-eabi/5.4.1/armv7-m/crtn.o

/DISCARD/
 *(.note.GNU-stack)
OUTPUT(C:\Users\aashi\OneDrive\Documents\PSoC Creator\EMILA.cydsn\CortexM3\ARM_GCC_541\Debug\EMILA.elf elf32-littlearm)
